../Core/Lib/Src/ds18b20.c:38:10:isTemperSensorInit	4	static
../Core/Lib/Src/ds18b20.c:43:9:isBusy	8	static
../Core/Lib/Src/ds18b20.c:47:6:Ds18b20_Init_simple	8	static
../Core/Lib/Src/ds18b20.c:78:6:Ds18b20_Init	16	static
../Core/Lib/Src/ds18b20.c:112:9:isConverting	4	static
../Core/Lib/Src/ds18b20.c:117:6:StartConverting	8	static
../Core/Lib/Src/ds18b20.c:125:6:checkConverting	8	static
../Core/Lib/Src/ds18b20.c:132:7:getTemper	8	static
../Core/Lib/Src/ds18b20.c:142:6:Ds18b20_ManualConvert	24	static
../Core/Lib/Src/ds18b20.c:251:9:DS18B20_Start	16	static
../Core/Lib/Src/ds18b20.c:269:6:DS18B20_StartAll	16	static
../Core/Lib/Src/ds18b20.c:279:6:DS18B20_Read	56	static
../Core/Lib/Src/ds18b20.c:384:9:DS18B20_GetResolution	24	static
../Core/Lib/Src/ds18b20.c:411:9:DS18B20_SetResolution	32	static
../Core/Lib/Src/ds18b20.c:476:9:DS18B20_Is	16	static
../Core/Lib/Src/ds18b20.c:485:9:DS18B20_SetAlarmLowTemperature	32	static
../Core/Lib/Src/ds18b20.c:536:9:DS18B20_SetAlarmHighTemperature	32	static
../Core/Lib/Src/ds18b20.c:587:9:DS18B20_DisableAlarmTemperature	24	static
../Core/Lib/Src/ds18b20.c:633:9:DS18B20_AlarmSearch	16	static
../Core/Lib/Src/ds18b20.c:639:9:DS18B20_AllDone	16	static
../Core/Lib/Src/ds18b20.c:644:7:getCurrentTemper	4	static
