Archive member included to satisfy reference by file (symbol)

C:/ST/STM32CubeIDE_1.13.1/STM32CubeIDE/plugins/com.st.stm32cube.ide.mcu.externaltools.gnu-tools-for-stm32.11.3.rel1.win32_1.1.0.202305231506/tools/bin/../lib/gcc/arm-none-eabi/11.3.1/../../../../arm-none-eabi/lib/thumb/v7-m/nofp\libc_nano.a(libc_a-exit.o)
                              C:/ST/STM32CubeIDE_1.13.1/STM32CubeIDE/plugins/com.st.stm32cube.ide.mcu.externaltools.gnu-tools-for-stm32.11.3.rel1.win32_1.1.0.202305231506/tools/bin/../lib/gcc/arm-none-eabi/11.3.1/../../../../arm-none-eabi/lib/thumb/v7-m/nofp/crt0.o (exit)
C:/ST/STM32CubeIDE_1.13.1/STM32CubeIDE/plugins/com.st.stm32cube.ide.mcu.externaltools.gnu-tools-for-stm32.11.3.rel1.win32_1.1.0.202305231506/tools/bin/../lib/gcc/arm-none-eabi/11.3.1/../../../../arm-none-eabi/lib/thumb/v7-m/nofp\libc_nano.a(libc_a-findfp.o)
                              C:/ST/STM32CubeIDE_1.13.1/STM32CubeIDE/plugins/com.st.stm32cube.ide.mcu.externaltools.gnu-tools-for-stm32.11.3.rel1.win32_1.1.0.202305231506/tools/bin/../lib/gcc/arm-none-eabi/11.3.1/../../../../arm-none-eabi/lib/thumb/v7-m/nofp\libc_nano.a(libc_a-exit.o) (__stdio_exit_handler)
C:/ST/STM32CubeIDE_1.13.1/STM32CubeIDE/plugins/com.st.stm32cube.ide.mcu.externaltools.gnu-tools-for-stm32.11.3.rel1.win32_1.1.0.202305231506/tools/bin/../lib/gcc/arm-none-eabi/11.3.1/../../../../arm-none-eabi/lib/thumb/v7-m/nofp\libc_nano.a(libc_a-fwalk.o)
                              C:/ST/STM32CubeIDE_1.13.1/STM32CubeIDE/plugins/com.st.stm32cube.ide.mcu.externaltools.gnu-tools-for-stm32.11.3.rel1.win32_1.1.0.202305231506/tools/bin/../lib/gcc/arm-none-eabi/11.3.1/../../../../arm-none-eabi/lib/thumb/v7-m/nofp\libc_nano.a(libc_a-findfp.o) (_fwalk_sglue)
C:/ST/STM32CubeIDE_1.13.1/STM32CubeIDE/plugins/com.st.stm32cube.ide.mcu.externaltools.gnu-tools-for-stm32.11.3.rel1.win32_1.1.0.202305231506/tools/bin/../lib/gcc/arm-none-eabi/11.3.1/../../../../arm-none-eabi/lib/thumb/v7-m/nofp\libc_nano.a(libc_a-sprintf.o)
                              ./Core/Lib/Src/oled_controller.o (sprintf)
C:/ST/STM32CubeIDE_1.13.1/STM32CubeIDE/plugins/com.st.stm32cube.ide.mcu.externaltools.gnu-tools-for-stm32.11.3.rel1.win32_1.1.0.202305231506/tools/bin/../lib/gcc/arm-none-eabi/11.3.1/../../../../arm-none-eabi/lib/thumb/v7-m/nofp\libc_nano.a(libc_a-stdio.o)
                              C:/ST/STM32CubeIDE_1.13.1/STM32CubeIDE/plugins/com.st.stm32cube.ide.mcu.externaltools.gnu-tools-for-stm32.11.3.rel1.win32_1.1.0.202305231506/tools/bin/../lib/gcc/arm-none-eabi/11.3.1/../../../../arm-none-eabi/lib/thumb/v7-m/nofp\libc_nano.a(libc_a-findfp.o) (__sread)
C:/ST/STM32CubeIDE_1.13.1/STM32CubeIDE/plugins/com.st.stm32cube.ide.mcu.externaltools.gnu-tools-for-stm32.11.3.rel1.win32_1.1.0.202305231506/tools/bin/../lib/gcc/arm-none-eabi/11.3.1/../../../../arm-none-eabi/lib/thumb/v7-m/nofp\libc_nano.a(libc_a-memset.o)
                              C:/ST/STM32CubeIDE_1.13.1/STM32CubeIDE/plugins/com.st.stm32cube.ide.mcu.externaltools.gnu-tools-for-stm32.11.3.rel1.win32_1.1.0.202305231506/tools/bin/../lib/gcc/arm-none-eabi/11.3.1/../../../../arm-none-eabi/lib/thumb/v7-m/nofp/crt0.o (memset)
C:/ST/STM32CubeIDE_1.13.1/STM32CubeIDE/plugins/com.st.stm32cube.ide.mcu.externaltools.gnu-tools-for-stm32.11.3.rel1.win32_1.1.0.202305231506/tools/bin/../lib/gcc/arm-none-eabi/11.3.1/../../../../arm-none-eabi/lib/thumb/v7-m/nofp\libc_nano.a(libc_a-closer.o)
                              C:/ST/STM32CubeIDE_1.13.1/STM32CubeIDE/plugins/com.st.stm32cube.ide.mcu.externaltools.gnu-tools-for-stm32.11.3.rel1.win32_1.1.0.202305231506/tools/bin/../lib/gcc/arm-none-eabi/11.3.1/../../../../arm-none-eabi/lib/thumb/v7-m/nofp\libc_nano.a(libc_a-stdio.o) (_close_r)
C:/ST/STM32CubeIDE_1.13.1/STM32CubeIDE/plugins/com.st.stm32cube.ide.mcu.externaltools.gnu-tools-for-stm32.11.3.rel1.win32_1.1.0.202305231506/tools/bin/../lib/gcc/arm-none-eabi/11.3.1/../../../../arm-none-eabi/lib/thumb/v7-m/nofp\libc_nano.a(libc_a-reent.o)
                              C:/ST/STM32CubeIDE_1.13.1/STM32CubeIDE/plugins/com.st.stm32cube.ide.mcu.externaltools.gnu-tools-for-stm32.11.3.rel1.win32_1.1.0.202305231506/tools/bin/../lib/gcc/arm-none-eabi/11.3.1/../../../../arm-none-eabi/lib/thumb/v7-m/nofp\libc_nano.a(libc_a-closer.o) (errno)
C:/ST/STM32CubeIDE_1.13.1/STM32CubeIDE/plugins/com.st.stm32cube.ide.mcu.externaltools.gnu-tools-for-stm32.11.3.rel1.win32_1.1.0.202305231506/tools/bin/../lib/gcc/arm-none-eabi/11.3.1/../../../../arm-none-eabi/lib/thumb/v7-m/nofp\libc_nano.a(libc_a-impure.o)
                              C:/ST/STM32CubeIDE_1.13.1/STM32CubeIDE/plugins/com.st.stm32cube.ide.mcu.externaltools.gnu-tools-for-stm32.11.3.rel1.win32_1.1.0.202305231506/tools/bin/../lib/gcc/arm-none-eabi/11.3.1/../../../../arm-none-eabi/lib/thumb/v7-m/nofp\libc_nano.a(libc_a-sprintf.o) (_impure_ptr)
[...]
Memory Configuration

Name             Origin             Length             Attributes
RAM              0x0000000020000000 0x0000000000005000 xrw
FLASH            0x0000000008000000 0x0000000000020000 xr
*default*        0x0000000000000000 0xffffffffffffffff

Linker script and memory map

LOAD C:/ST/STM32CubeIDE_1.13.1/STM32CubeIDE/plugins/com.st.stm32cube.ide.mcu.externaltools.gnu-tools-for-stm32.11.3.rel1.win32_1.1.0.202305231506/tools/bin/../lib/gcc/arm-none-eabi/11.3.1/thumb/v7-m/nofp/crti.o
LOAD C:/ST/STM32CubeIDE_1.13.1/STM32CubeIDE/plugins/com.st.stm32cube.ide.mcu.externaltools.gnu-tools-for-stm32.11.3.rel1.win32_1.1.0.202305231506/tools/bin/../lib/gcc/arm-none-eabi/11.3.1/thumb/v7-m/nofp/crtbegin.o
LOAD C:/ST/STM32CubeIDE_1.13.1/STM32CubeIDE/plugins/com.st.stm32cube.ide.mcu.externaltools.gnu-tools-for-stm32.11.3.rel1.win32_1.1.0.202305231506/tools/bin/../lib/gcc/arm-none-eabi/11.3.1/../../../../arm-none-eabi/lib/thumb/v7-m/nofp/crt0.o
LOAD ./Core/Lib/Src/ds18b20.o
LOAD ./Core/Lib/Src/fonts.o
LOAD ./Core/Lib/Src/oled_controller.o
LOAD ./Core/Lib/Src/onewire.o
LOAD ./Core/Lib/Src/ssd1306.o
LOAD ./Core/Lib/Src/test.o
LOAD ./Core/Src/buttonController.o
LOAD ./Core/Src/fnd_controller.o
LOAD ./Core/Src/heaterController.o
LOAD ./Core/Src/ledController.o
LOAD ./Core/Src/main.o
LOAD ./Core/Src/stm32f1xx_hal_msp.o
LOAD ./Core/Src/stm32f1xx_it.o
LOAD ./Core/Src/syscalls.o
LOAD ./Core/Src/sysmem.o
LOAD ./Core/Src/system_stm32f1xx.o
LOAD ./Core/Src/util.o
LOAD ./Core/Startup/startup_stm32f103cbtx.o
LOAD ./Drivers/STM32F1xx_HAL_Driver/Src/stm32f1xx_hal.o
LOAD ./Drivers/STM32F1xx_HAL_Driver/Src/stm32f1xx_hal_adc.o
LOAD ./Drivers/STM32F1xx_HAL_Driver/Src/stm32f1xx_hal_adc_ex.o
LOAD ./Drivers/STM32F1xx_HAL_Driver/Src/stm32f1xx_hal_cortex.o
LOAD ./Drivers/STM32F1xx_HAL_Driver/Src/stm32f1xx_hal_dma.o
LOAD ./Drivers/STM32F1xx_HAL_Driver/Src/stm32f1xx_hal_exti.o
LOAD ./Drivers/STM32F1xx_HAL_Driver/Src/stm32f1xx_hal_flash.o
LOAD ./Drivers/STM32F1xx_HAL_Driver/Src/stm32f1xx_hal_flash_ex.o
LOAD ./Drivers/STM32F1xx_HAL_Driver/Src/stm32f1xx_hal_gpio.o
LOAD ./Drivers/STM32F1xx_HAL_Driver/Src/stm32f1xx_hal_gpio_ex.o
LOAD ./Drivers/STM32F1xx_HAL_Driver/Src/stm32f1xx_hal_i2c.o
LOAD ./Drivers/STM32F1xx_HAL_Driver/Src/stm32f1xx_hal_pwr.o
LOAD ./Drivers/STM32F1xx_HAL_Driver/Src/stm32f1xx_hal_rcc.o
LOAD ./Drivers/STM32F1xx_HAL_Driver/Src/stm32f1xx_hal_rcc_ex.o
LOAD ./Drivers/STM32F1xx_HAL_Driver/Src/stm32f1xx_hal_tim.o
LOAD ./Drivers/STM32F1xx_HAL_Driver/Src/stm32f1xx_hal_tim_ex.o
LOAD ./Drivers/STM32F1xx_HAL_Driver/Src/stm32f1xx_hal_uart.o
START GROUP
LOAD C:/ST/STM32CubeIDE_1.13.1/STM32CubeIDE/plugins/com.st.stm32cube.ide.mcu.externaltools.gnu-tools-for-stm32.11.3.rel1.win32_1.1.0.202305231506/tools/bin/../lib/gcc/arm-none-eabi/11.3.1/../../../../arm-none-eabi/lib/thumb/v7-m/nofp\libc_nano.a
LOAD C:/ST/STM32CubeIDE_1.13.1/STM32CubeIDE/plugins/com.st.stm32cube.ide.mcu.externaltools.gnu-tools-for-stm32.11.3.rel1.win32_1.1.0.202305231506/tools/bin/../lib/gcc/arm-none-eabi/11.3.1/../../../../arm-none-eabi/lib/thumb/v7-m/nofp\libm.a
END GROUP
START GROUP
LOAD C:/ST/STM32CubeIDE_1.13.1/STM32CubeIDE/plugins/com.st.stm32cube.ide.mcu.externaltools.gnu-tools-for-stm32.11.3.rel1.win32_1.1.0.202305231506/tools/bin/../lib/gcc/arm-none-eabi/11.3.1/thumb/v7-m/nofp\libgcc.a
LOAD C:/ST/STM32CubeIDE_1.13.1/STM32CubeIDE/plugins/com.st.stm32cube.ide.mcu.externaltools.gnu-tools-for-stm32.11.3.rel1.win32_1.1.0.202305231506/tools/bin/../lib/gcc/arm-none-eabi/11.3.1/../../../../arm-none-eabi/lib/thumb/v7-m/nofp\libc_nano.a
END GROUP
START GROUP
LOAD C:/ST/STM32CubeIDE_1.13.1/STM32CubeIDE/plugins/com.st.stm32cube.ide.mcu.externaltools.gnu-tools-for-stm32.11.3.rel1.win32_1.1.0.202305231506/tools/bin/../lib/gcc/arm-none-eabi/11.3.1/thumb/v7-m/nofp\libgcc.a
LOAD C:/ST/STM32CubeIDE_1.13.1/STM32CubeIDE/plugins/com.st.stm32cube.ide.mcu.externaltools.gnu-tools-for-stm32.11.3.rel1.win32_1.1.0.202305231506/tools/bin/../lib/gcc/arm-none-eabi/11.3.1/../../../../arm-none-eabi/lib/thumb/v7-m/nofp\libc_nano.a
LOAD C:/ST/STM32CubeIDE_1.13.1/STM32CubeIDE/plugins/com.st.stm32cube.ide.mcu.externaltools.gnu-tools-for-stm32.11.3.rel1.win32_1.1.0.202305231506/tools/bin/../lib/gcc/arm-none-eabi/11.3.1/../../../../arm-none-eabi/lib/thumb/v7-m/nofp\libnosys.a
END GROUP
START GROUP
LOAD C:/ST/STM32CubeIDE_1.13.1/STM32CubeIDE/plugins/com.st.stm32cube.ide.mcu.externaltools.gnu-tools-for-stm32.11.3.rel1.win32_1.1.0.202305231506/tools/bin/../lib/gcc/arm-none-eabi/11.3.1/thumb/v7-m/nofp\libgcc.a
LOAD C:/ST/STM32CubeIDE_1.13.1/STM32CubeIDE/plugins/com.st.stm32cube.ide.mcu.externaltools.gnu-tools-for-stm32.11.3.rel1.win32_1.1.0.202305231506/tools/bin/../lib/gcc/arm-none-eabi/11.3.1/../../../../arm-none-eabi/lib/thumb/v7-m/nofp\libc_nano.a
LOAD C:/ST/STM32CubeIDE_1.13.1/STM32CubeIDE/plugins/com.st.stm32cube.ide.mcu.externaltools.gnu-tools-for-stm32.11.3.rel1.win32_1.1.0.202305231506/tools/bin/../lib/gcc/arm-none-eabi/11.3.1/../../../../arm-none-eabi/lib/thumb/v7-m/nofp\libnosys.a
END GROUP
LOAD C:/ST/STM32CubeIDE_1.13.1/STM32CubeIDE/plugins/com.st.stm32cube.ide.mcu.externaltools.gnu-tools-for-stm32.11.3.rel1.win32_1.1.0.202305231506/tools/bin/../lib/gcc/arm-none-eabi/11.3.1/thumb/v7-m/nofp/crtend.o
LOAD C:/ST/STM32CubeIDE_1.13.1/STM32CubeIDE/plugins/com.st.stm32cube.ide.mcu.externaltools.gnu-tools-for-stm32.11.3.rel1.win32_1.1.0.202305231506/tools/bin/../lib/gcc/arm-none-eabi/11.3.1/thumb/v7-m/nofp/crtn.o
                0x0000000020005000                _estack = (ORIGIN (RAM) + LENGTH (RAM))
                0x0000000000000200                _Min_Heap_Size = 0x200
                0x0000000000000400                _Min_Stack_Size = 0x400

.isr_vector     0x0000000008000000      0x10c
                0x0000000008000000                . = ALIGN (0x4)
 *(.isr_vector)
 .isr_vector    0x0000000008000000      0x10c ./Core/Startup/startup_stm32f103cbtx.o
                0x0000000008000000                g_pfnVectors
                0x000000000800010c                . = ALIGN (0x4)

.text           0x0000000008000110     0x63d8
                0x0000000008000110                . = ALIGN (0x4)
 *(.text)
 .text          0x0000000008000110       0x40 C:/ST/STM32CubeIDE_1.13.1/STM32CubeIDE/plugins/com.st.stm32cube.ide.mcu.externaltools.gnu-tools-for-stm32.11.3.rel1.win32_1.1.0.202305231506/tools/bin/../lib/gcc/arm-none-eabi/11.3.1/thumb/v7-m/nofp/crtbegin.o
 .text          0x0000000008000150      0x168 C:/ST/STM32CubeIDE_1.13.1/STM32CubeIDE/plugins/com.st.stm32cube.ide.mcu.externaltools.gnu-tools-for-stm32.11.3.rel1.win32_1.1.0.202305231506/tools/bin/../lib/gcc/arm-none-eabi/11.3.1/thumb/v7-m/nofp\libgcc.a(_arm_mulsf3.o)
                0x0000000008000150                __aeabi_fmul
                0x0000000008000150                __mulsf3
 .text          0x00000000080002b8      0x378 C:/ST/STM32CubeIDE_1.13.1/STM32CubeIDE/plugins/com.st.stm32cube.ide.mcu.externaltools.gnu-tools-for-stm32.11.3.rel1.win32_1.1.0.202305231506/tools/bin/../lib/gcc/arm-none-eabi/11.3.1/thumb/v7-m/nofp\libgcc.a(_arm_addsubdf3.o)
                0x00000000080002b8                __aeabi_drsub
                0x00000000080002c0                __aeabi_dsub
                0x00000000080002c0                __subdf3
                0x00000000080002c4                __aeabi_dadd
                0x00000000080002c4                __adddf3
                0x000000000800053c                __floatunsidf
                0x000000000800053c                __aeabi_ui2d
                0x000000000800055c                __floatsidf
                0x000000000800055c                __aeabi_i2d
                0x0000000008000580                __aeabi_f2d
                0x0000000008000580                __extendsfdf2
                0x00000000080005c4                __floatundidf
                0x00000000080005c4                __aeabi_ul2d
                0x00000000080005d4                __floatdidf
                0x00000000080005d4                __aeabi_l2d
 .text          0x0000000008000630       0x40 C:/ST/STM32CubeIDE_1.13.1/STM32CubeIDE/plugins/com.st.stm32cube.ide.mcu.externaltools.gnu-tools-for-stm32.11.3.rel1.win32_1.1.0.202305231506/tools/bin/../lib/gcc/arm-none-eabi/11.3.1/thumb/v7-m/nofp\libgcc.a(_arm_fixunsdfsi.o)
                0x0000000008000630                __aeabi_d2uiz
                0x0000000008000630                __fixunsdfsi
 .text          0x0000000008000670      0x21c C:/ST/STM32CubeIDE_1.13.1/STM32CubeIDE/plugins/com.st.stm32cube.ide.mcu.externaltools.gnu-tools-for-stm32.11.3.rel1.win32_1.1.0.202305231506/tools/bin/../lib/gcc/arm-none-eabi/11.3.1/thumb/v7-m/nofp\libgcc.a(_arm_addsubsf3.o)
                0x0000000008000670                __aeabi_frsub
                0x0000000008000678                __subsf3
                0x0000000008000678                __aeabi_fsub
                0x000000000800067c                __aeabi_fadd
                0x000000000800067c                __addsf3
                0x00000000080007dc                __aeabi_ui2f
                0x00000000080007dc                __floatunsisf
                0x00000000080007e4                __aeabi_i2f
                0x00000000080007e4                __floatsisf
                0x0000000008000800                __aeabi_ul2f
                0x0000000008000800                __floatundisf
                0x0000000008000810                __aeabi_l2f
                0x0000000008000810                __floatdisf
 .text          0x000000000800088c       0x4c C:/ST/STM32CubeIDE_1.13.1/STM32CubeIDE/plugins/com.st.stm32cube.ide.mcu.externaltools.gnu-tools-for-stm32.11.3.rel1.win32_1.1.0.202305231506/tools/bin/../lib/gcc/arm-none-eabi/11.3.1/thumb/v7-m/nofp\libgcc.a(_arm_fixsfsi.o)
                0x000000000800088c                __aeabi_f2iz
                0x000000000800088c                __fixsfsi
 .text          0x00000000080008d8       0x40 C:/ST/STM32CubeIDE_1.13.1/STM32CubeIDE/plugins/com.st.stm32cube.ide.mcu.externaltools.gnu-tools-for-stm32.11.3.rel1.win32_1.1.0.202305231506/tools/bin/../lib/gcc/arm-none-eabi/11.3.1/thumb/v7-m/nofp\libgcc.a(_arm_fixunssfsi.o)
                0x00000000080008d8                __fixunssfsi
                0x00000000080008d8                __aeabi_f2uiz
 *(.text*)
 .text.isTemperSensorInit
                0x0000000008000918       0x18 ./Core/Lib/Src/ds18b20.o
                0x0000000008000918                isTemperSensorInit
 .text.isBusy   0x0000000008000930        0xe ./Core/Lib/Src/ds18b20.o
                0x0000000008000930                isBusy
 *fill*         0x000000000800093e        0x2 
 .text.Ds18b20_Init_simple
                0x0000000008000940       0x88 ./Core/Lib/Src/ds18b20.o
                0x0000000008000940                Ds18b20_Init_simple
 .text.DS18B20_SetResolution
                0x00000000080009c8      0x110 ./Core/Lib/Src/ds18b20.o
                0x00000000080009c8                DS18B20_SetResolution
 .text.DS18B20_Is
                0x0000000008000ad8       0x20 ./Core/Lib/Src/ds18b20.o
                0x0000000008000ad8                DS18B20_Is
 .text.DS18B20_DisableAlarmTemperature
                0x0000000008000af8       0xb6 ./Core/Lib/Src/ds18b20.o
                0x0000000008000af8                DS18B20_DisableAlarmTemperature
 *fill*         0x0000000008000bae        0x2 
 .text.getCurrentTemper
                0x0000000008000bb0       0x14 ./Core/Lib/Src/ds18b20.o
                0x0000000008000bb0                getCurrentTemper
 .text.opening  0x0000000008000bc4        0xc ./Core/Lib/Src/oled_controller.o
                0x0000000008000bc4                opening
 .text.printMain
                0x0000000008000bd0       0x74 ./Core/Lib/Src/oled_controller.o
                0x0000000008000bd0                printMain
 .text.printBackground
                0x0000000008000c44       0x44 ./Core/Lib/Src/oled_controller.o
                0x0000000008000c44                printBackground
 .text.printTemper
                0x0000000008000c88       0x54 ./Core/Lib/Src/oled_controller.o
                0x0000000008000c88                printTemper
 .text.printHeaterState
                0x0000000008000cdc       0x50 ./Core/Lib/Src/oled_controller.o
                0x0000000008000cdc                printHeaterState
 .text.toggleScreen
                0x0000000008000d2c       0x60 ./Core/Lib/Src/oled_controller.o
                0x0000000008000d2c                toggleScreen
 .text.isBusyLine
                0x0000000008000d8c       0x14 ./Core/Lib/Src/onewire.o
                0x0000000008000d8c                isBusyLine
 .text.ONEWIRE_DELAY
                0x0000000008000da0       0x30 ./Core/Lib/Src/onewire.o
                0x0000000008000da0                ONEWIRE_DELAY
 .text.ONEWIRE_LOW
                0x0000000008000dd0       0x1e ./Core/Lib/Src/onewire.o
                0x0000000008000dd0                ONEWIRE_LOW
 .text.ONEWIRE_HIGH
                0x0000000008000dee       0x1c ./Core/Lib/Src/onewire.o
                0x0000000008000dee                ONEWIRE_HIGH
 .text.ONEWIRE_INPUT
                0x0000000008000e0a       0x32 ./Core/Lib/Src/onewire.o
                0x0000000008000e0a                ONEWIRE_INPUT
 .text.ONEWIRE_OUTPUT
                0x0000000008000e3c       0x32 ./Core/Lib/Src/onewire.o
                0x0000000008000e3c                ONEWIRE_OUTPUT
 *fill*         0x0000000008000e6e        0x2 
 .text.OneWire_Init
                0x0000000008000e70       0x68 ./Core/Lib/Src/onewire.o
                0x0000000008000e70                OneWire_Init
 .text.OneWire_Reset
                0x0000000008000ed8       0x64 ./Core/Lib/Src/onewire.o
                0x0000000008000ed8                OneWire_Reset
 .text.OneWire_WriteBit
                0x0000000008000f3c       0xac ./Core/Lib/Src/onewire.o
                0x0000000008000f3c                OneWire_WriteBit
 .text.OneWire_ReadBit
                0x0000000008000fe8       0x70 ./Core/Lib/Src/onewire.o
                0x0000000008000fe8                OneWire_ReadBit
 .text.OneWire_WriteByte
                0x0000000008001058       0x3c ./Core/Lib/Src/onewire.o
                0x0000000008001058                OneWire_WriteByte
 .text.OneWire_ReadByte
                0x0000000008001094       0x42 ./Core/Lib/Src/onewire.o
                0x0000000008001094                OneWire_ReadByte
 .text.OneWire_SelectWithPointer
                0x00000000080010d6       0x3e ./Core/Lib/Src/onewire.o
                0x00000000080010d6                OneWire_SelectWithPointer
 .text.OneWire_GetFullROM
                0x0000000008001114       0x38 ./Core/Lib/Src/onewire.o
                0x0000000008001114                OneWire_GetFullROM
 .text.SSD1306_InvertDisplay
                0x000000000800114c       0x2c ./Core/Lib/Src/ssd1306.o
                0x000000000800114c                SSD1306_InvertDisplay
 .text.SSD1306_Init
                0x0000000008001178      0x188 ./Core/Lib/Src/ssd1306.o
                0x0000000008001178                SSD1306_Init
 .text.SSD1306_UpdateScreen
                0x0000000008001300       0x5c ./Core/Lib/Src/ssd1306.o
                0x0000000008001300                SSD1306_UpdateScreen
 .text.SSD1306_Fill
                0x000000000800135c       0x30 ./Core/Lib/Src/ssd1306.o
                0x000000000800135c                SSD1306_Fill
 .text.SSD1306_DrawPixel
                0x000000000800138c       0xbc ./Core/Lib/Src/ssd1306.o
                0x000000000800138c                SSD1306_DrawPixel
 .text.SSD1306_GotoXY
                0x0000000008001448       0x2c ./Core/Lib/Src/ssd1306.o
                0x0000000008001448                SSD1306_GotoXY
 .text.SSD1306_Putc
                0x0000000008001474      0x100 ./Core/Lib/Src/ssd1306.o
                0x0000000008001474                SSD1306_Putc
 .text.SSD1306_Puts
                0x0000000008001574       0x4a ./Core/Lib/Src/ssd1306.o
                0x0000000008001574                SSD1306_Puts
 .text.SSD1306_Clear
                0x00000000080015be       0x12 ./Core/Lib/Src/ssd1306.o
                0x00000000080015be                SSD1306_Clear
 .text.ssd1306_I2C_Init
                0x00000000080015d0       0x28 ./Core/Lib/Src/ssd1306.o
                0x00000000080015d0                ssd1306_I2C_Init
 .text.ssd1306_I2C_WriteMulti
                0x00000000080015f8       0xcc ./Core/Lib/Src/ssd1306.o
                0x00000000080015f8                ssd1306_I2C_WriteMulti
 .text.ssd1306_I2C_Write
                0x00000000080016c4       0x3c ./Core/Lib/Src/ssd1306.o
                0x00000000080016c4                ssd1306_I2C_Write
 .text.getSwstate
                0x0000000008001700       0x24 ./Core/Src/buttonController.o
                0x0000000008001700                getSwstate
 .text.init_fnd
                0x0000000008001724       0xc0 ./Core/Src/fnd_controller.o
                0x0000000008001724                init_fnd
 .text.send     0x00000000080017e4       0x6c ./Core/Src/fnd_controller.o
                0x00000000080017e4                send
 .text.send_port
                0x0000000008001850       0x44 ./Core/Src/fnd_controller.o
                0x0000000008001850                send_port
 .text.digit4_temper
                0x0000000008001894      0x170 ./Core/Src/fnd_controller.o
                0x0000000008001894                digit4_temper
 .text.getFixedTemper
                0x0000000008001a04       0x14 ./Core/Src/heaterController.o
                0x0000000008001a04                getFixedTemper
 .text.led1OnOff
                0x0000000008001a18       0x38 ./Core/Src/ledController.o
                0x0000000008001a18                led1OnOff
 .text.main     0x0000000008001a50       0xe4 ./Core/Src/main.o
                0x0000000008001a50                main
 .text.SystemClock_Config
                0x0000000008001b34       0xb6 ./Core/Src/main.o
                0x0000000008001b34                SystemClock_Config
 *fill*         0x0000000008001bea        0x2 
 .text.MX_ADC1_Init
                0x0000000008001bec       0xc8 ./Core/Src/main.o
 .text.MX_I2C2_Init
                0x0000000008001cb4       0x5c ./Core/Src/main.o
 .text.MX_TIM2_Init
                0x0000000008001d10       0x98 ./Core/Src/main.o
 .text.MX_TIM3_Init
                0x0000000008001da8       0x98 ./Core/Src/main.o
 .text.MX_USART1_UART_Init
                0x0000000008001e40       0x54 ./Core/Src/main.o
 .text.MX_DMA_Init
                0x0000000008001e94       0x3c ./Core/Src/main.o
 .text.MX_GPIO_Init
                0x0000000008001ed0      0x114 ./Core/Src/main.o
 .text.Error_Handler
                0x0000000008001fe4        0xa ./Core/Src/main.o
                0x0000000008001fe4                Error_Handler
 *fill*         0x0000000008001fee        0x2 
 .text.HAL_MspInit
                0x0000000008001ff0       0x64 ./Core/Src/stm32f1xx_hal_msp.o
                0x0000000008001ff0                HAL_MspInit
 .text.HAL_ADC_MspInit
                0x0000000008002054       0xd0 ./Core/Src/stm32f1xx_hal_msp.o
                0x0000000008002054                HAL_ADC_MspInit
 .text.HAL_I2C_MspInit
                0x0000000008002124       0x80 ./Core/Src/stm32f1xx_hal_msp.o
                0x0000000008002124                HAL_I2C_MspInit
 .text.HAL_TIM_Base_MspInit
                0x00000000080021a4       0x80 ./Core/Src/stm32f1xx_hal_msp.o
                0x00000000080021a4                HAL_TIM_Base_MspInit
 .text.HAL_UART_MspInit
                0x0000000008002224       0x98 ./Core/Src/stm32f1xx_hal_msp.o
                0x0000000008002224                HAL_UART_MspInit
 .text.NMI_Handler
                0x00000000080022bc        0x6 ./Core/Src/stm32f1xx_it.o
                0x00000000080022bc                NMI_Handler
 .text.HardFault_Handler
                0x00000000080022c2        0x6 ./Core/Src/stm32f1xx_it.o
                0x00000000080022c2                HardFault_Handler
 .text.MemManage_Handler
                0x00000000080022c8        0x6 ./Core/Src/stm32f1xx_it.o
                0x00000000080022c8                MemManage_Handler
 .text.BusFault_Handler
                0x00000000080022ce        0x6 ./Core/Src/stm32f1xx_it.o
                0x00000000080022ce                BusFault_Handler
 .text.UsageFault_Handler
                0x00000000080022d4        0x6 ./Core/Src/stm32f1xx_it.o
                0x00000000080022d4                UsageFault_Handler
 .text.SVC_Handler
                0x00000000080022da        0xc ./Core/Src/stm32f1xx_it.o
                0x00000000080022da                SVC_Handler
 .text.DebugMon_Handler
                0x00000000080022e6        0xc ./Core/Src/stm32f1xx_it.o
                0x00000000080022e6                DebugMon_Handler
 .text.PendSV_Handler
                0x00000000080022f2        0xc ./Core/Src/stm32f1xx_it.o
                0x00000000080022f2                PendSV_Handler
 .text.SysTick_Handler
                0x00000000080022fe        0xc ./Core/Src/stm32f1xx_it.o
                0x00000000080022fe                SysTick_Handler
 *fill*         0x000000000800230a        0x2 
 .text.EXTI0_IRQHandler
                0x000000000800230c       0x40 ./Core/Src/stm32f1xx_it.o
                0x000000000800230c                EXTI0_IRQHandler
 .text.EXTI1_IRQHandler
                0x000000000800234c       0x40 ./Core/Src/stm32f1xx_it.o
                0x000000000800234c                EXTI1_IRQHandler
 .text.EXTI2_IRQHandler
                0x000000000800238c       0x40 ./Core/Src/stm32f1xx_it.o
                0x000000000800238c                EXTI2_IRQHandler
 .text.DMA1_Channel1_IRQHandler
                0x00000000080023cc       0x14 ./Core/Src/stm32f1xx_it.o
                0x00000000080023cc                DMA1_Channel1_IRQHandler
 .text.TIM2_IRQHandler
                0x00000000080023e0       0x14 ./Core/Src/stm32f1xx_it.o
                0x00000000080023e0                TIM2_IRQHandler
 .text.TIM3_IRQHandler
                0x00000000080023f4       0xac ./Core/Src/stm32f1xx_it.o
                0x00000000080023f4                TIM3_IRQHandler
 .text._sbrk    0x00000000080024a0       0x6c ./Core/Src/sysmem.o
                0x00000000080024a0                _sbrk
 .text.SystemInit
                0x000000000800250c        0xc ./Core/Src/system_stm32f1xx.o
                0x000000000800250c                SystemInit
 .text.Reset_Handler
                0x0000000008002518       0x48 ./Core/Startup/startup_stm32f103cbtx.o
                0x0000000008002518                Reset_Handler
 .text.Default_Handler
                0x0000000008002560        0x2 ./Core/Startup/startup_stm32f103cbtx.o
                0x0000000008002560                RTC_Alarm_IRQHandler
                0x0000000008002560                TIM1_CC_IRQHandler
                0x0000000008002560                PVD_IRQHandler
                0x0000000008002560                EXTI3_IRQHandler
                0x0000000008002560                I2C2_EV_IRQHandler
                0x0000000008002560                ADC1_2_IRQHandler
                0x0000000008002560                SPI1_IRQHandler
                0x0000000008002560                TAMPER_IRQHandler
                0x0000000008002560                DMA1_Channel4_IRQHandler
                0x0000000008002560                USART3_IRQHandler
                0x0000000008002560                RTC_IRQHandler
                0x0000000008002560                DMA1_Channel7_IRQHandler
                0x0000000008002560                CAN1_RX1_IRQHandler
                0x0000000008002560                TIM4_IRQHandler
                0x0000000008002560                I2C1_EV_IRQHandler
                0x0000000008002560                DMA1_Channel6_IRQHandler
                0x0000000008002560                RCC_IRQHandler
                0x0000000008002560                TIM1_TRG_COM_IRQHandler
                0x0000000008002560                Default_Handler
                0x0000000008002560                EXTI15_10_IRQHandler
                0x0000000008002560                EXTI9_5_IRQHandler
                0x0000000008002560                SPI2_IRQHandler
                0x0000000008002560                DMA1_Channel5_IRQHandler
                0x0000000008002560                EXTI4_IRQHandler
                0x0000000008002560                USB_LP_CAN1_RX0_IRQHandler
                0x0000000008002560                USB_HP_CAN1_TX_IRQHandler
                0x0000000008002560                DMA1_Channel3_IRQHandler
                0x0000000008002560                TIM1_UP_IRQHandler
                0x0000000008002560                WWDG_IRQHandler
                0x0000000008002560                TIM1_BRK_IRQHandler
                0x0000000008002560                USART2_IRQHandler
                0x0000000008002560                I2C2_ER_IRQHandler
                0x0000000008002560                DMA1_Channel2_IRQHandler
                0x0000000008002560                CAN1_SCE_IRQHandler
                0x0000000008002560                FLASH_IRQHandler
                0x0000000008002560                USART1_IRQHandler
                0x0000000008002560                I2C1_ER_IRQHandler
                0x0000000008002560                USBWakeUp_IRQHandler
 *fill*         0x0000000008002562        0x2 
 .text.HAL_Init
                0x0000000008002564       0x2c ./Drivers/STM32F1xx_HAL_Driver/Src/stm32f1xx_hal.o
                0x0000000008002564                HAL_Init
 .text.HAL_InitTick
                0x0000000008002590       0x60 ./Drivers/STM32F1xx_HAL_Driver/Src/stm32f1xx_hal.o
                0x0000000008002590                HAL_InitTick
 .text.HAL_IncTick
                0x00000000080025f0       0x24 ./Drivers/STM32F1xx_HAL_Driver/Src/stm32f1xx_hal.o
                0x00000000080025f0                HAL_IncTick
 .text.HAL_GetTick
                0x0000000008002614       0x14 ./Drivers/STM32F1xx_HAL_Driver/Src/stm32f1xx_hal.o
                0x0000000008002614                HAL_GetTick
 .text.HAL_Delay
                0x0000000008002628       0x48 ./Drivers/STM32F1xx_HAL_Driver/Src/stm32f1xx_hal.o
                0x0000000008002628                HAL_Delay
 .text.HAL_ADC_Init
                0x0000000008002670      0x1b0 ./Drivers/STM32F1xx_HAL_Driver/Src/stm32f1xx_hal_adc.o
                0x0000000008002670                HAL_ADC_Init
 .text.HAL_ADC_Start
                0x0000000008002820      0x15c ./Drivers/STM32F1xx_HAL_Driver/Src/stm32f1xx_hal_adc.o
                0x0000000008002820                HAL_ADC_Start
 .text.HAL_ADC_PollForConversion
                0x000000000800297c      0x20c ./Drivers/STM32F1xx_HAL_Driver/Src/stm32f1xx_hal_adc.o
                0x000000000800297c                HAL_ADC_PollForConversion
 .text.HAL_ADC_GetValue
                0x0000000008002b88       0x18 ./Drivers/STM32F1xx_HAL_Driver/Src/stm32f1xx_hal_adc.o
                0x0000000008002b88                HAL_ADC_GetValue
 .text.HAL_ADC_ConfigChannel
                0x0000000008002ba0      0x1f0 ./Drivers/STM32F1xx_HAL_Driver/Src/stm32f1xx_hal_adc.o
                0x0000000008002ba0                HAL_ADC_ConfigChannel
 .text.ADC_Enable
                0x0000000008002d90       0xb4 ./Drivers/STM32F1xx_HAL_Driver/Src/stm32f1xx_hal_adc.o
                0x0000000008002d90                ADC_Enable
 .text.ADC_ConversionStop_Disable
                0x0000000008002e44       0x82 ./Drivers/STM32F1xx_HAL_Driver/Src/stm32f1xx_hal_adc.o
                0x0000000008002e44                ADC_ConversionStop_Disable
 *fill*         0x0000000008002ec6        0x2 
 .text.HAL_ADCEx_InjectedConfigChannel
                0x0000000008002ec8      0x334 ./Drivers/STM32F1xx_HAL_Driver/Src/stm32f1xx_hal_adc_ex.o
                0x0000000008002ec8                HAL_ADCEx_InjectedConfigChannel
 .text.__NVIC_SetPriorityGrouping
                0x00000000080031fc       0x48 ./Drivers/STM32F1xx_HAL_Driver/Src/stm32f1xx_hal_cortex.o
 .text.__NVIC_GetPriorityGrouping
                0x0000000008003244       0x1c ./Drivers/STM32F1xx_HAL_Driver/Src/stm32f1xx_hal_cortex.o
 .text.__NVIC_EnableIRQ
                0x0000000008003260       0x38 ./Drivers/STM32F1xx_HAL_Driver/Src/stm32f1xx_hal_cortex.o
 .text.__NVIC_SetPriority
                0x0000000008003298       0x54 ./Drivers/STM32F1xx_HAL_Driver/Src/stm32f1xx_hal_cortex.o
 .text.NVIC_EncodePriority
                0x00000000080032ec       0x64 ./Drivers/STM32F1xx_HAL_Driver/Src/stm32f1xx_hal_cortex.o
 .text.SysTick_Config
                0x0000000008003350       0x44 ./Drivers/STM32F1xx_HAL_Driver/Src/stm32f1xx_hal_cortex.o
 .text.HAL_NVIC_SetPriorityGrouping
                0x0000000008003394       0x16 ./Drivers/STM32F1xx_HAL_Driver/Src/stm32f1xx_hal_cortex.o
                0x0000000008003394                HAL_NVIC_SetPriorityGrouping
 .text.HAL_NVIC_SetPriority
                0x00000000080033aa       0x38 ./Drivers/STM32F1xx_HAL_Driver/Src/stm32f1xx_hal_cortex.o
                0x00000000080033aa                HAL_NVIC_SetPriority
 .text.HAL_NVIC_EnableIRQ
                0x00000000080033e2       0x1c ./Drivers/STM32F1xx_HAL_Driver/Src/stm32f1xx_hal_cortex.o
                0x00000000080033e2                HAL_NVIC_EnableIRQ
 .text.HAL_SYSTICK_Config
                0x00000000080033fe       0x18 ./Drivers/STM32F1xx_HAL_Driver/Src/stm32f1xx_hal_cortex.o
                0x00000000080033fe                HAL_SYSTICK_Config
 *fill*         0x0000000008003416        0x2 
 .text.HAL_DMA_Init
                0x0000000008003418       0xb4 ./Drivers/STM32F1xx_HAL_Driver/Src/stm32f1xx_hal_dma.o
                0x0000000008003418                HAL_DMA_Init
 .text.HAL_DMA_IRQHandler
                0x00000000080034cc      0x20c ./Drivers/STM32F1xx_HAL_Driver/Src/stm32f1xx_hal_dma.o
                0x00000000080034cc                HAL_DMA_IRQHandler
 .text.HAL_GPIO_Init
                0x00000000080036d8      0x308 ./Drivers/STM32F1xx_HAL_Driver/Src/stm32f1xx_hal_gpio.o
                0x00000000080036d8                HAL_GPIO_Init
 .text.HAL_GPIO_ReadPin
                0x00000000080039e0       0x2e ./Drivers/STM32F1xx_HAL_Driver/Src/stm32f1xx_hal_gpio.o
                0x00000000080039e0                HAL_GPIO_ReadPin
 .text.HAL_GPIO_WritePin
                0x0000000008003a0e       0x30 ./Drivers/STM32F1xx_HAL_Driver/Src/stm32f1xx_hal_gpio.o
                0x0000000008003a0e                HAL_GPIO_WritePin
 *fill*         0x0000000008003a3e        0x2 
 .text.HAL_GPIO_EXTI_IRQHandler
                0x0000000008003a40       0x30 ./Drivers/STM32F1xx_HAL_Driver/Src/stm32f1xx_hal_gpio.o
                0x0000000008003a40                HAL_GPIO_EXTI_IRQHandler
 .text.HAL_GPIO_EXTI_Callback
                0x0000000008003a70       0x14 ./Drivers/STM32F1xx_HAL_Driver/Src/stm32f1xx_hal_gpio.o
                0x0000000008003a70                HAL_GPIO_EXTI_Callback
 .text.HAL_I2C_Init
                0x0000000008003a84      0x288 ./Drivers/STM32F1xx_HAL_Driver/Src/stm32f1xx_hal_i2c.o
                0x0000000008003a84                HAL_I2C_Init
 .text.HAL_I2C_Master_Transmit
                0x0000000008003d0c      0x1fc ./Drivers/STM32F1xx_HAL_Driver/Src/stm32f1xx_hal_i2c.o
                0x0000000008003d0c                HAL_I2C_Master_Transmit
 .text.HAL_I2C_IsDeviceReady
                0x0000000008003f08      0x25c ./Drivers/STM32F1xx_HAL_Driver/Src/stm32f1xx_hal_i2c.o
                0x0000000008003f08                HAL_I2C_IsDeviceReady
 .text.I2C_MasterRequestWrite
                0x0000000008004164      0x104 ./Drivers/STM32F1xx_HAL_Driver/Src/stm32f1xx_hal_i2c.o
 .text.I2C_WaitOnFlagUntilTimeout
                0x0000000008004268       0xf4 ./Drivers/STM32F1xx_HAL_Driver/Src/stm32f1xx_hal_i2c.o
 .text.I2C_WaitOnMasterAddressFlagUntilTimeout
                0x000000000800435c      0x140 ./Drivers/STM32F1xx_HAL_Driver/Src/stm32f1xx_hal_i2c.o
 .text.I2C_WaitOnTXEFlagUntilTimeout
                0x000000000800449c       0x90 ./Drivers/STM32F1xx_HAL_Driver/Src/stm32f1xx_hal_i2c.o
 .text.I2C_WaitOnBTFFlagUntilTimeout
                0x000000000800452c       0x90 ./Drivers/STM32F1xx_HAL_Driver/Src/stm32f1xx_hal_i2c.o
 .text.I2C_IsAcknowledgeFailed
                0x00000000080045bc       0x5c ./Drivers/STM32F1xx_HAL_Driver/Src/stm32f1xx_hal_i2c.o
 .text.HAL_RCC_OscConfig
                0x0000000008004618      0x504 ./Drivers/STM32F1xx_HAL_Driver/Src/stm32f1xx_hal_rcc.o
                0x0000000008004618                HAL_RCC_OscConfig
 .text.HAL_RCC_ClockConfig
                0x0000000008004b1c      0x1d4 ./Drivers/STM32F1xx_HAL_Driver/Src/stm32f1xx_hal_rcc.o
                0x0000000008004b1c                HAL_RCC_ClockConfig
 .text.HAL_RCC_GetSysClockFreq
                0x0000000008004cf0       0xa8 ./Drivers/STM32F1xx_HAL_Driver/Src/stm32f1xx_hal_rcc.o
                0x0000000008004cf0                HAL_RCC_GetSysClockFreq
 .text.HAL_RCC_GetHCLKFreq
                0x0000000008004d98       0x14 ./Drivers/STM32F1xx_HAL_Driver/Src/stm32f1xx_hal_rcc.o
                0x0000000008004d98                HAL_RCC_GetHCLKFreq
 .text.HAL_RCC_GetPCLK1Freq
                0x0000000008004dac       0x28 ./Drivers/STM32F1xx_HAL_Driver/Src/stm32f1xx_hal_rcc.o
                0x0000000008004dac                HAL_RCC_GetPCLK1Freq
 .text.HAL_RCC_GetPCLK2Freq
                0x0000000008004dd4       0x28 ./Drivers/STM32F1xx_HAL_Driver/Src/stm32f1xx_hal_rcc.o
                0x0000000008004dd4                HAL_RCC_GetPCLK2Freq
 .text.RCC_Delay
                0x0000000008004dfc       0x3c ./Drivers/STM32F1xx_HAL_Driver/Src/stm32f1xx_hal_rcc.o
 .text.HAL_RCCEx_PeriphCLKConfig
                0x0000000008004e38      0x16c ./Drivers/STM32F1xx_HAL_Driver/Src/stm32f1xx_hal_rcc_ex.o
                0x0000000008004e38                HAL_RCCEx_PeriphCLKConfig
 .text.HAL_RCCEx_GetPeriphCLKFreq
                0x0000000008004fa4      0x16c ./Drivers/STM32F1xx_HAL_Driver/Src/stm32f1xx_hal_rcc_ex.o
                0x0000000008004fa4                HAL_RCCEx_GetPeriphCLKFreq
 .text.HAL_TIM_Base_Init
                0x0000000008005110       0x9e ./Drivers/STM32F1xx_HAL_Driver/Src/stm32f1xx_hal_tim.o
                0x0000000008005110                HAL_TIM_Base_Init
 *fill*         0x00000000080051ae        0x2 
 .text.HAL_TIM_Base_Start
                0x00000000080051b0       0x94 ./Drivers/STM32F1xx_HAL_Driver/Src/stm32f1xx_hal_tim.o
                0x00000000080051b0                HAL_TIM_Base_Start
 .text.HAL_TIM_Base_Start_IT
                0x0000000008005244       0xa4 ./Drivers/STM32F1xx_HAL_Driver/Src/stm32f1xx_hal_tim.o
                0x0000000008005244                HAL_TIM_Base_Start_IT
 .text.HAL_TIM_IRQHandler
                0x00000000080052e8      0x210 ./Drivers/STM32F1xx_HAL_Driver/Src/stm32f1xx_hal_tim.o
                0x00000000080052e8                HAL_TIM_IRQHandler
 .text.HAL_TIM_ConfigClockSource
                0x00000000080054f8      0x18e ./Drivers/STM32F1xx_HAL_Driver/Src/stm32f1xx_hal_tim.o
                0x00000000080054f8                HAL_TIM_ConfigClockSource
 .text.HAL_TIM_PeriodElapsedCallback
                0x0000000008005686       0x12 ./Drivers/STM32F1xx_HAL_Driver/Src/stm32f1xx_hal_tim.o
                0x0000000008005686                HAL_TIM_PeriodElapsedCallback
 .text.HAL_TIM_OC_DelayElapsedCallback
                0x0000000008005698       0x12 ./Drivers/STM32F1xx_HAL_Driver/Src/stm32f1xx_hal_tim.o
                0x0000000008005698                HAL_TIM_OC_DelayElapsedCallback
 .text.HAL_TIM_IC_CaptureCallback
                0x00000000080056aa       0x12 ./Drivers/STM32F1xx_HAL_Driver/Src/stm32f1xx_hal_tim.o
                0x00000000080056aa                HAL_TIM_IC_CaptureCallback
 .text.HAL_TIM_PWM_PulseFinishedCallback
                0x00000000080056bc       0x12 ./Drivers/STM32F1xx_HAL_Driver/Src/stm32f1xx_hal_tim.o
                0x00000000080056bc                HAL_TIM_PWM_PulseFinishedCallback
 .text.HAL_TIM_TriggerCallback
                0x00000000080056ce       0x12 ./Drivers/STM32F1xx_HAL_Driver/Src/stm32f1xx_hal_tim.o
                0x00000000080056ce                HAL_TIM_TriggerCallback
 .text.TIM_Base_SetConfig
                0x00000000080056e0       0xc4 ./Drivers/STM32F1xx_HAL_Driver/Src/stm32f1xx_hal_tim.o
                0x00000000080056e0                TIM_Base_SetConfig
 .text.TIM_TI1_ConfigInputStage
                0x00000000080057a4       0x5c ./Drivers/STM32F1xx_HAL_Driver/Src/stm32f1xx_hal_tim.o
 .text.TIM_TI2_ConfigInputStage
                0x0000000008005800       0x5e ./Drivers/STM32F1xx_HAL_Driver/Src/stm32f1xx_hal_tim.o
 .text.TIM_ITRx_SetConfig
                0x000000000800585e       0x34 ./Drivers/STM32F1xx_HAL_Driver/Src/stm32f1xx_hal_tim.o
 .text.TIM_ETR_SetConfig
                0x0000000008005892       0x3e ./Drivers/STM32F1xx_HAL_Driver/Src/stm32f1xx_hal_tim.o
                0x0000000008005892                TIM_ETR_SetConfig
 .text.HAL_TIMEx_MasterConfigSynchronization
                0x00000000080058d0       0xbc ./Drivers/STM32F1xx_HAL_Driver/Src/stm32f1xx_hal_tim_ex.o
                0x00000000080058d0                HAL_TIMEx_MasterConfigSynchronization
 .text.HAL_TIMEx_CommutCallback
                0x000000000800598c       0x12 ./Drivers/STM32F1xx_HAL_Driver/Src/stm32f1xx_hal_tim_ex.o
                0x000000000800598c                HAL_TIMEx_CommutCallback
 .text.HAL_TIMEx_BreakCallback
                0x000000000800599e       0x12 ./Drivers/STM32F1xx_HAL_Driver/Src/stm32f1xx_hal_tim_ex.o
                0x000000000800599e                HAL_TIMEx_BreakCallback
 .text.HAL_UART_Init
                0x00000000080059b0       0xa0 ./Drivers/STM32F1xx_HAL_Driver/Src/stm32f1xx_hal_uart.o
                0x00000000080059b0                HAL_UART_Init
 .text.UART_SetConfig
                0x0000000008005a50      0x11c ./Drivers/STM32F1xx_HAL_Driver/Src/stm32f1xx_hal_uart.o
 .text.sprintf  0x0000000008005b6c       0x40 C:/ST/STM32CubeIDE_1.13.1/STM32CubeIDE/plugins/com.st.stm32cube.ide.mcu.externaltools.gnu-tools-for-stm32.11.3.rel1.win32_1.1.0.202305231506/tools/bin/../lib/gcc/arm-none-eabi/11.3.1/../../../../arm-none-eabi/lib/thumb/v7-m/nofp\libc_nano.a(libc_a-sprintf.o)
                0x0000000008005b6c                siprintf
                0x0000000008005b6c                sprintf
 .text.memset   0x0000000008005bac       0x10 C:/ST/STM32CubeIDE_1.13.1/STM32CubeIDE/plugins/com.st.stm32cube.ide.mcu.externaltools.gnu-tools-for-stm32.11.3.rel1.win32_1.1.0.202305231506/tools/bin/../lib/gcc/arm-none-eabi/11.3.1/../../../../arm-none-eabi/lib/thumb/v7-m/nofp\libc_nano.a(libc_a-memset.o)
                0x0000000008005bac                memset
 .text.__errno  0x0000000008005bbc        0xc C:/ST/STM32CubeIDE_1.13.1/STM32CubeIDE/plugins/com.st.stm32cube.ide.mcu.externaltools.gnu-tools-for-stm32.11.3.rel1.win32_1.1.0.202305231506/tools/bin/../lib/gcc/arm-none-eabi/11.3.1/../../../../arm-none-eabi/lib/thumb/v7-m/nofp\libc_nano.a(libc_a-errno.o)
                0x0000000008005bbc                __errno
 .text.__libc_init_array
                0x0000000008005bc8       0x48 C:/ST/STM32CubeIDE_1.13.1/STM32CubeIDE/plugins/com.st.stm32cube.ide.mcu.externaltools.gnu-tools-for-stm32.11.3.rel1.win32_1.1.0.202305231506/tools/bin/../lib/gcc/arm-none-eabi/11.3.1/../../../../arm-none-eabi/lib/thumb/v7-m/nofp\libc_nano.a(libc_a-init.o)
                0x0000000008005bc8                __libc_init_array
 .text.__retarget_lock_acquire_recursive
                0x0000000008005c10        0x2 C:/ST/STM32CubeIDE_1.13.1/STM32CubeIDE/plugins/com.st.stm32cube.ide.mcu.externaltools.gnu-tools-for-stm32.11.3.rel1.win32_1.1.0.202305231506/tools/bin/../lib/gcc/arm-none-eabi/11.3.1/../../../../arm-none-eabi/lib/thumb/v7-m/nofp\libc_nano.a(libc_a-lock.o)
                0x0000000008005c10                __retarget_lock_acquire_recursive
 .text.__retarget_lock_release_recursive
                0x0000000008005c12        0x2 C:/ST/STM32CubeIDE_1.13.1/STM32CubeIDE/plugins/com.st.stm32cube.ide.mcu.externaltools.gnu-tools-for-stm32.11.3.rel1.win32_1.1.0.202305231506/tools/bin/../lib/gcc/arm-none-eabi/11.3.1/../../../../arm-none-eabi/lib/thumb/v7-m/nofp\libc_nano.a(libc_a-lock.o)
                0x0000000008005c12                __retarget_lock_release_recursive
 .text._free_r  0x0000000008005c14       0x90 C:/ST/STM32CubeIDE_1.13.1/STM32CubeIDE/plugins/com.st.stm32cube.ide.mcu.externaltools.gnu-tools-for-stm32.11.3.rel1.win32_1.1.0.202305231506/tools/bin/../lib/gcc/arm-none-eabi/11.3.1/../../../../arm-none-eabi/lib/thumb/v7-m/nofp\libc_nano.a(libc_a-freer.o)
                0x0000000008005c14                _free_r
 .text.sbrk_aligned
                0x0000000008005ca4       0x40 C:/ST/STM32CubeIDE_1.13.1/STM32CubeIDE/plugins/com.st.stm32cube.ide.mcu.externaltools.gnu-tools-for-stm32.11.3.rel1.win32_1.1.0.202305231506/tools/bin/../lib/gcc/arm-none-eabi/11.3.1/../../../../arm-none-eabi/lib/thumb/v7-m/nofp\libc_nano.a(libc_a-mallocr.o)
 .text._malloc_r
                0x0000000008005ce4      0x100 C:/ST/STM32CubeIDE_1.13.1/STM32CubeIDE/plugins/com.st.stm32cube.ide.mcu.externaltools.gnu-tools-for-stm32.11.3.rel1.win32_1.1.0.202305231506/tools/bin/../lib/gcc/arm-none-eabi/11.3.1/../../../../arm-none-eabi/lib/thumb/v7-m/nofp\libc_nano.a(libc_a-mallocr.o)
                0x0000000008005ce4                _malloc_r
 .text.__malloc_lock
                0x0000000008005de4        0xc C:/ST/STM32CubeIDE_1.13.1/STM32CubeIDE/plugins/com.st.stm32cube.ide.mcu.externaltools.gnu-tools-for-stm32.11.3.rel1.win32_1.1.0.202305231506/tools/bin/../lib/gcc/arm-none-eabi/11.3.1/../../../../arm-none-eabi/lib/thumb/v7-m/nofp\libc_nano.a(libc_a-mlock.o)
                0x0000000008005de4                __malloc_lock
 .text.__malloc_unlock
                0x0000000008005df0        0xc C:/ST/STM32CubeIDE_1.13.1/STM32CubeIDE/plugins/com.st.stm32cube.ide.mcu.externaltools.gnu-tools-for-stm32.11.3.rel1.win32_1.1.0.202305231506/tools/bin/../lib/gcc/arm-none-eabi/11.3.1/../../../../arm-none-eabi/lib/thumb/v7-m/nofp\libc_nano.a(libc_a-mlock.o)
                0x0000000008005df0                __malloc_unlock
 .text.__ssputs_r
                0x0000000008005dfc       0xb4 C:/ST/STM32CubeIDE_1.13.1/STM32CubeIDE/plugins/com.st.stm32cube.ide.mcu.externaltools.gnu-tools-for-stm32.11.3.rel1.win32_1.1.0.202305231506/tools/bin/../lib/gcc/arm-none-eabi/11.3.1/../../../../arm-none-eabi/lib/thumb/v7-m/nofp\libc_nano.a(libc_a-nano-svfprintf.o)
                0x0000000008005dfc                __ssputs_r
 .text._svfprintf_r
                0x0000000008005eb0      0x1fc C:/ST/STM32CubeIDE_1.13.1/STM32CubeIDE/plugins/com.st.stm32cube.ide.mcu.externaltools.gnu-tools-for-stm32.11.3.rel1.win32_1.1.0.202305231506/tools/bin/../lib/gcc/arm-none-eabi/11.3.1/../../../../arm-none-eabi/lib/thumb/v7-m/nofp\libc_nano.a(libc_a-nano-svfprintf.o)
                0x0000000008005eb0                _svfiprintf_r
                0x0000000008005eb0                _svfprintf_r
 .text._printf_common
                0x00000000080060ac       0xe4 C:/ST/STM32CubeIDE_1.13.1/STM32CubeIDE/plugins/com.st.stm32cube.ide.mcu.externaltools.gnu-tools-for-stm32.11.3.rel1.win32_1.1.0.202305231506/tools/bin/../lib/gcc/arm-none-eabi/11.3.1/../../../../arm-none-eabi/lib/thumb/v7-m/nofp\libc_nano.a(libc_a-nano-vfprintf_i.o)
                0x00000000080060ac                _printf_common
 .text._printf_i
                0x0000000008006190      0x244 C:/ST/STM32CubeIDE_1.13.1/STM32CubeIDE/plugins/com.st.stm32cube.ide.mcu.externaltools.gnu-tools-for-stm32.11.3.rel1.win32_1.1.0.202305231506/tools/bin/../lib/gcc/arm-none-eabi/11.3.1/../../../../arm-none-eabi/lib/thumb/v7-m/nofp\libc_nano.a(libc_a-nano-vfprintf_i.o)
                0x0000000008006190                _printf_i
 .text.memmove  0x00000000080063d4       0x34 C:/ST/STM32CubeIDE_1.13.1/STM32CubeIDE/plugins/com.st.stm32cube.ide.mcu.externaltools.gnu-tools-for-stm32.11.3.rel1.win32_1.1.0.202305231506/tools/bin/../lib/gcc/arm-none-eabi/11.3.1/../../../../arm-none-eabi/lib/thumb/v7-m/nofp\libc_nano.a(libc_a-memmove.o)
                0x00000000080063d4                memmove
 .text._sbrk_r  0x0000000008006408       0x20 C:/ST/STM32CubeIDE_1.13.1/STM32CubeIDE/plugins/com.st.stm32cube.ide.mcu.externaltools.gnu-tools-for-stm32.11.3.rel1.win32_1.1.0.202305231506/tools/bin/../lib/gcc/arm-none-eabi/11.3.1/../../../../arm-none-eabi/lib/thumb/v7-m/nofp\libc_nano.a(libc_a-sbrkr.o)
                0x0000000008006408                _sbrk_r
 .text.memchr   0x0000000008006428       0x1c C:/ST/STM32CubeIDE_1.13.1/STM32CubeIDE/plugins/com.st.stm32cube.ide.mcu.externaltools.gnu-tools-for-stm32.11.3.rel1.win32_1.1.0.202305231506/tools/bin/../lib/gcc/arm-none-eabi/11.3.1/../../../../arm-none-eabi/lib/thumb/v7-m/nofp\libc_nano.a(libc_a-memchr-stub.o)
                0x0000000008006428                memchr
 .text.memcpy   0x0000000008006444       0x1c C:/ST/STM32CubeIDE_1.13.1/STM32CubeIDE/plugins/com.st.stm32cube.ide.mcu.externaltools.gnu-tools-for-stm32.11.3.rel1.win32_1.1.0.202305231506/tools/bin/../lib/gcc/arm-none-eabi/11.3.1/../../../../arm-none-eabi/lib/thumb/v7-m/nofp\libc_nano.a(libc_a-memcpy-stub.o)
                0x0000000008006444                memcpy
 .text._realloc_r
                0x0000000008006460       0x5e C:/ST/STM32CubeIDE_1.13.1/STM32CubeIDE/plugins/com.st.stm32cube.ide.mcu.externaltools.gnu-tools-for-stm32.11.3.rel1.win32_1.1.0.202305231506/tools/bin/../lib/gcc/arm-none-eabi/11.3.1/../../../../arm-none-eabi/lib/thumb/v7-m/nofp\libc_nano.a(libc_a-reallocr.o)
                0x0000000008006460                _realloc_r
 .text._malloc_usable_size_r
                0x00000000080064be       0x10 C:/ST/STM32CubeIDE_1.13.1/STM32CubeIDE/plugins/com.st.stm32cube.ide.mcu.externaltools.gnu-tools-for-stm32.11.3.rel1.win32_1.1.0.202305231506/tools/bin/../lib/gcc/arm-none-eabi/11.3.1/../../../../arm-none-eabi/lib/thumb/v7-m/nofp\libc_nano.a(libc_a-msizer.o)
                0x00000000080064be                _malloc_usable_size_r
 *(.glue_7)
 .glue_7        0x00000000080064ce        0x0 linker stubs
 *(.glue_7t)
 .glue_7t       0x00000000080064ce        0x0 linker stubs
 *(.eh_frame)
 *fill*         0x00000000080064ce        0x2 
 .eh_frame      0x00000000080064d0        0x0 C:/ST/STM32CubeIDE_1.13.1/STM32CubeIDE/plugins/com.st.stm32cube.ide.mcu.externaltools.gnu-tools-for-stm32.11.3.rel1.win32_1.1.0.202305231506/tools/bin/../lib/gcc/arm-none-eabi/11.3.1/thumb/v7-m/nofp/crtbegin.o
 *(.init)
 .init          0x00000000080064d0        0x4 C:/ST/STM32CubeIDE_1.13.1/STM32CubeIDE/plugins/com.st.stm32cube.ide.mcu.externaltools.gnu-tools-for-stm32.11.3.rel1.win32_1.1.0.202305231506/tools/bin/../lib/gcc/arm-none-eabi/11.3.1/thumb/v7-m/nofp/crti.o
                0x00000000080064d0                _init
 .init          0x00000000080064d4        0x8 C:/ST/STM32CubeIDE_1.13.1/STM32CubeIDE/plugins/com.st.stm32cube.ide.mcu.externaltools.gnu-tools-for-stm32.11.3.rel1.win32_1.1.0.202305231506/tools/bin/../lib/gcc/arm-none-eabi/11.3.1/thumb/v7-m/nofp/crtn.o
 *(.fini)
 .fini          0x00000000080064dc        0x4 C:/ST/STM32CubeIDE_1.13.1/STM32CubeIDE/plugins/com.st.stm32cube.ide.mcu.externaltools.gnu-tools-for-stm32.11.3.rel1.win32_1.1.0.202305231506/tools/bin/../lib/gcc/arm-none-eabi/11.3.1/thumb/v7-m/nofp/crti.o
                0x00000000080064dc                _fini
 .fini          0x00000000080064e0        0x8 C:/ST/STM32CubeIDE_1.13.1/STM32CubeIDE/plugins/com.st.stm32cube.ide.mcu.externaltools.gnu-tools-for-stm32.11.3.rel1.win32_1.1.0.202305231506/tools/bin/../lib/gcc/arm-none-eabi/11.3.1/thumb/v7-m/nofp/crtn.o
                0x00000000080064e8                . = ALIGN (0x4)
                0x00000000080064e8                _etext = .

.vfp11_veneer   0x00000000080064e8        0x0
 .vfp11_veneer  0x00000000080064e8        0x0 linker stubs

.v4_bx          0x00000000080064e8        0x0
 .v4_bx         0x00000000080064e8        0x0 linker stubs

.iplt           0x00000000080064e8        0x0
 .iplt          0x00000000080064e8        0x0 C:/ST/STM32CubeIDE_1.13.1/STM32CubeIDE/plugins/com.st.stm32cube.ide.mcu.externaltools.gnu-tools-for-stm32.11.3.rel1.win32_1.1.0.202305231506/tools/bin/../lib/gcc/arm-none-eabi/11.3.1/thumb/v7-m/nofp/crtbegin.o

.rodata         0x00000000080064e8      0xe00
                0x00000000080064e8                . = ALIGN (0x4)
 *(.rodata)
 .rodata        0x00000000080064e8       0x2f ./Core/Lib/Src/oled_controller.o
 *(.rodata*)
 *fill*         0x0000000008006517        0x1 
 .rodata.Font11x18
                0x0000000008006518      0xd5c ./Core/Lib/Src/fonts.o
 .rodata.AHBPrescTable
                0x0000000008007274       0x10 ./Core/Src/system_stm32f1xx.o
                0x0000000008007274                AHBPrescTable
 .rodata.APBPrescTable
                0x0000000008007284        0x8 ./Core/Src/system_stm32f1xx.o
                0x0000000008007284                APBPrescTable
 .rodata.aPLLMULFactorTable.1
                0x000000000800728c       0x10 ./Drivers/STM32F1xx_HAL_Driver/Src/stm32f1xx_hal_rcc.o
 .rodata.aPredivFactorTable.0
                0x000000000800729c        0x2 ./Drivers/STM32F1xx_HAL_Driver/Src/stm32f1xx_hal_rcc.o
 *fill*         0x000000000800729e        0x2 
 .rodata.aPLLMULFactorTable.1
                0x00000000080072a0       0x10 ./Drivers/STM32F1xx_HAL_Driver/Src/stm32f1xx_hal_rcc_ex.o
 .rodata.aPredivFactorTable.0
                0x00000000080072b0        0x2 ./Drivers/STM32F1xx_HAL_Driver/Src/stm32f1xx_hal_rcc_ex.o
 .rodata._svfprintf_r.str1.1
                0x00000000080072b2       0x11 C:/ST/STM32CubeIDE_1.13.1/STM32CubeIDE/plugins/com.st.stm32cube.ide.mcu.externaltools.gnu-tools-for-stm32.11.3.rel1.win32_1.1.0.202305231506/tools/bin/../lib/gcc/arm-none-eabi/11.3.1/../../../../arm-none-eabi/lib/thumb/v7-m/nofp\libc_nano.a(libc_a-nano-svfprintf.o)
 .rodata._printf_i.str1.1
                0x00000000080072c3       0x22 C:/ST/STM32CubeIDE_1.13.1/STM32CubeIDE/plugins/com.st.stm32cube.ide.mcu.externaltools.gnu-tools-for-stm32.11.3.rel1.win32_1.1.0.202305231506/tools/bin/../lib/gcc/arm-none-eabi/11.3.1/../../../../arm-none-eabi/lib/thumb/v7-m/nofp\libc_nano.a(libc_a-nano-vfprintf_i.o)
                0x00000000080072e8                . = ALIGN (0x4)
 *fill*         0x00000000080072e5        0x3 

.rel.dyn        0x00000000080072e8        0x0
 .rel.iplt      0x00000000080072e8        0x0 C:/ST/STM32CubeIDE_1.13.1/STM32CubeIDE/plugins/com.st.stm32cube.ide.mcu.externaltools.gnu-tools-for-stm32.11.3.rel1.win32_1.1.0.202305231506/tools/bin/../lib/gcc/arm-none-eabi/11.3.1/thumb/v7-m/nofp/crtbegin.o

.ARM.extab      0x00000000080072e8        0x0
                0x00000000080072e8                . = ALIGN (0x4)
 *(.ARM.extab* .gnu.linkonce.armextab.*)
                0x00000000080072e8                . = ALIGN (0x4)

.ARM            0x00000000080072e8        0x0
                0x00000000080072e8                . = ALIGN (0x4)
                0x00000000080072e8                __exidx_start = .
 *(.ARM.exidx*)
                0x00000000080072e8                __exidx_end = .
                0x00000000080072e8                . = ALIGN (0x4)

.preinit_array  0x00000000080072e8        0x0
                0x00000000080072e8                . = ALIGN (0x4)
                0x00000000080072e8                PROVIDE (__preinit_array_start = .)
 *(.preinit_array*)
                0x00000000080072e8                PROVIDE (__preinit_array_end = .)
                0x00000000080072e8                . = ALIGN (0x4)

.init_array     0x00000000080072e8        0x4
                0x00000000080072e8                . = ALIGN (0x4)
                0x00000000080072e8                PROVIDE (__init_array_start = .)
 *(SORT_BY_NAME(.init_array.*))
 *(.init_array*)
 .init_array    0x00000000080072e8        0x4 C:/ST/STM32CubeIDE_1.13.1/STM32CubeIDE/plugins/com.st.stm32cube.ide.mcu.externaltools.gnu-tools-for-stm32.11.3.rel1.win32_1.1.0.202305231506/tools/bin/../lib/gcc/arm-none-eabi/11.3.1/thumb/v7-m/nofp/crtbegin.o
                0x00000000080072ec                PROVIDE (__init_array_end = .)
                0x00000000080072ec                . = ALIGN (0x4)

.fini_array     0x00000000080072ec        0x4
                0x00000000080072ec                . = ALIGN (0x4)
                [!provide]                        PROVIDE (__fini_array_start = .)
 *(SORT_BY_NAME(.fini_array.*))
 *(.fini_array*)
 .fini_array    0x00000000080072ec        0x4 C:/ST/STM32CubeIDE_1.13.1/STM32CubeIDE/plugins/com.st.stm32cube.ide.mcu.externaltools.gnu-tools-for-stm32.11.3.rel1.win32_1.1.0.202305231506/tools/bin/../lib/gcc/arm-none-eabi/11.3.1/thumb/v7-m/nofp/crtbegin.o
                [!provide]                        PROVIDE (__fini_array_end = .)
                0x00000000080072f0                . = ALIGN (0x4)
                0x00000000080072f0                _sidata = LOADADDR (.data)

.data           0x0000000020000000       0x74 load address 0x00000000080072f0
                0x0000000020000000                . = ALIGN (0x4)
                0x0000000020000000                _sdata = .
 *(.data)
 *(.data*)
 .data.Font_11x18
                0x0000000020000000        0x8 ./Core/Lib/Src/fonts.o
                0x0000000020000000                Font_11x18
 .data.heaterWorkTemper
                0x0000000020000008        0x4 ./Core/Src/heaterController.o
 .data.BUTTON_GAP
                0x000000002000000c        0x4 ./Core/Src/stm32f1xx_it.o
 .data.POWER_SW_CHECK_TIME
                0x0000000020000010        0x4 ./Core/Src/stm32f1xx_it.o
 .data.TOGGLE_TIME
                0x0000000020000014        0x4 ./Core/Src/stm32f1xx_it.o
 .data.SystemCoreClock
                0x0000000020000018        0x4 ./Core/Src/system_stm32f1xx.o
                0x0000000020000018                SystemCoreClock
 .data.uwTickPrio
                0x000000002000001c        0x4 ./Drivers/STM32F1xx_HAL_Driver/Src/stm32f1xx_hal.o
                0x000000002000001c                uwTickPrio
 .data.uwTickFreq
                0x0000000020000020        0x1 ./Drivers/STM32F1xx_HAL_Driver/Src/stm32f1xx_hal.o
                0x0000000020000020                uwTickFreq
 *fill*         0x0000000020000021        0x3 
 .data._impure_data
                0x0000000020000024       0x4c C:/ST/STM32CubeIDE_1.13.1/STM32CubeIDE/plugins/com.st.stm32cube.ide.mcu.externaltools.gnu-tools-for-stm32.11.3.rel1.win32_1.1.0.202305231506/tools/bin/../lib/gcc/arm-none-eabi/11.3.1/../../../../arm-none-eabi/lib/thumb/v7-m/nofp\libc_nano.a(libc_a-impure.o)
                0x0000000020000024                _impure_data
 .data._impure_ptr
                0x0000000020000070        0x4 C:/ST/STM32CubeIDE_1.13.1/STM32CubeIDE/plugins/com.st.stm32cube.ide.mcu.externaltools.gnu-tools-for-stm32.11.3.rel1.win32_1.1.0.202305231506/tools/bin/../lib/gcc/arm-none-eabi/11.3.1/../../../../arm-none-eabi/lib/thumb/v7-m/nofp\libc_nano.a(libc_a-impure.o)
                0x0000000020000070                _impure_ptr
 *(.RamFunc)
 *(.RamFunc*)
                0x0000000020000074                . = ALIGN (0x4)
                0x0000000020000074                _edata = .

.igot.plt       0x0000000020000074        0x0 load address 0x0000000008007364
 .igot.plt      0x0000000020000074        0x0 C:/ST/STM32CubeIDE_1.13.1/STM32CubeIDE/plugins/com.st.stm32cube.ide.mcu.externaltools.gnu-tools-for-stm32.11.3.rel1.win32_1.1.0.202305231506/tools/bin/../lib/gcc/arm-none-eabi/11.3.1/thumb/v7-m/nofp/crtbegin.o
                0x0000000020000074                . = ALIGN (0x4)

.bss            0x0000000020000074      0x770 load address 0x0000000008007364
                0x0000000020000074                _sbss = .
                0x0000000020000074                __bss_start__ = _sbss
 *(.bss)
 .bss           0x0000000020000074       0x1c C:/ST/STM32CubeIDE_1.13.1/STM32CubeIDE/plugins/com.st.stm32cube.ide.mcu.externaltools.gnu-tools-for-stm32.11.3.rel1.win32_1.1.0.202305231506/tools/bin/../lib/gcc/arm-none-eabi/11.3.1/thumb/v7-m/nofp/crtbegin.o
 *(.bss*)
 .bss.temperSensor
                0x0000000020000090       0x10 ./Core/Lib/Src/ds18b20.o
                0x0000000020000090                temperSensor
 .bss.OneWire   0x00000000200000a0       0x14 ./Core/Lib/Src/ds18b20.o
                0x00000000200000a0                OneWire
 .bss.m_init    0x00000000200000b4        0x1 ./Core/Lib/Src/ds18b20.o
 .bss.m_toggle  0x00000000200000b5        0x1 ./Core/Lib/Src/oled_controller.o
 .bss.m_toggle_counter
                0x00000000200000b6        0x1 ./Core/Lib/Src/oled_controller.o
 .bss.m_busy_line
                0x00000000200000b7        0x1 ./Core/Lib/Src/onewire.o
 .bss.SSD1306_Buffer
                0x00000000200000b8      0x400 ./Core/Lib/Src/ssd1306.o
 .bss.SSD1306   0x00000000200004b8        0x6 ./Core/Lib/Src/ssd1306.o
 *fill*         0x00000000200004be        0x2 
 .bss._LED_0F   0x00000000200004c0       0x1d ./Core/Src/fnd_controller.o
                0x00000000200004c0                _LED_0F
 .bss.m_tempercount
                0x00000000200004dd        0x1 ./Core/Src/fnd_controller.o
 .bss.g_f_sw_up
                0x00000000200004de        0x1 ./Core/Src/main.o
                0x00000000200004de                g_f_sw_up
 .bss.g_f_sw_fix
                0x00000000200004df        0x1 ./Core/Src/main.o
                0x00000000200004df                g_f_sw_fix
 .bss.g_f_sw_down
                0x00000000200004e0        0x1 ./Core/Src/main.o
                0x00000000200004e0                g_f_sw_down
 *fill*         0x00000000200004e1        0x1 
 .bss.m_adc_value
                0x00000000200004e2        0x2 ./Core/Src/main.o
 .bss.m_voltage
                0x00000000200004e4        0x2 ./Core/Src/main.o
 *fill*         0x00000000200004e6        0x2 
 .bss.hadc1     0x00000000200004e8       0x30 ./Core/Src/main.o
                0x00000000200004e8                hadc1
 .bss.hdma_adc1
                0x0000000020000518       0x44 ./Core/Src/main.o
                0x0000000020000518                hdma_adc1
 .bss.hi2c2     0x000000002000055c       0x54 ./Core/Src/main.o
                0x000000002000055c                hi2c2
 .bss.htim2     0x00000000200005b0       0x48 ./Core/Src/main.o
                0x00000000200005b0                htim2
 .bss.htim3     0x00000000200005f8       0x48 ./Core/Src/main.o
                0x00000000200005f8                htim3
 .bss.huart1    0x0000000020000640       0x48 ./Core/Src/main.o
                0x0000000020000640                huart1
 .bss.m_button_before_time
                0x0000000020000688        0x4 ./Core/Src/stm32f1xx_it.o
 .bss.m_power_sw_timer
                0x000000002000068c        0x4 ./Core/Src/stm32f1xx_it.o
 .bss.m_toggle_timer
                0x0000000020000690        0x4 ./Core/Src/stm32f1xx_it.o
 .bss.__sbrk_heap_end
                0x0000000020000694        0x4 ./Core/Src/sysmem.o
 .bss.uwTick    0x0000000020000698        0x4 ./Drivers/STM32F1xx_HAL_Driver/Src/stm32f1xx_hal.o
                0x0000000020000698                uwTick
 .bss.__sf      0x000000002000069c      0x138 C:/ST/STM32CubeIDE_1.13.1/STM32CubeIDE/plugins/com.st.stm32cube.ide.mcu.externaltools.gnu-tools-for-stm32.11.3.rel1.win32_1.1.0.202305231506/tools/bin/../lib/gcc/arm-none-eabi/11.3.1/../../../../arm-none-eabi/lib/thumb/v7-m/nofp\libc_nano.a(libc_a-findfp.o)
                0x000000002000069c                __sf
 .bss.errno     0x00000000200007d4        0x4 C:/ST/STM32CubeIDE_1.13.1/STM32CubeIDE/plugins/com.st.stm32cube.ide.mcu.externaltools.gnu-tools-for-stm32.11.3.rel1.win32_1.1.0.202305231506/tools/bin/../lib/gcc/arm-none-eabi/11.3.1/../../../../arm-none-eabi/lib/thumb/v7-m/nofp\libc_nano.a(libc_a-reent.o)
                0x00000000200007d4                errno
 .bss.__lock___malloc_recursive_mutex
                0x00000000200007d8        0x1 C:/ST/STM32CubeIDE_1.13.1/STM32CubeIDE/plugins/com.st.stm32cube.ide.mcu.externaltools.gnu-tools-for-stm32.11.3.rel1.win32_1.1.0.202305231506/tools/bin/../lib/gcc/arm-none-eabi/11.3.1/../../../../arm-none-eabi/lib/thumb/v7-m/nofp\libc_nano.a(libc_a-lock.o)
                0x00000000200007d8                __lock___malloc_recursive_mutex
 *fill*         0x00000000200007d9        0x3 
 .bss.__malloc_free_list
                0x00000000200007dc        0x4 C:/ST/STM32CubeIDE_1.13.1/STM32CubeIDE/plugins/com.st.stm32cube.ide.mcu.externaltools.gnu-tools-for-stm32.11.3.rel1.win32_1.1.0.202305231506/tools/bin/../lib/gcc/arm-none-eabi/11.3.1/../../../../arm-none-eabi/lib/thumb/v7-m/nofp\libc_nano.a(libc_a-mallocr.o)
                0x00000000200007dc                __malloc_free_list
 .bss.__malloc_sbrk_start
                0x00000000200007e0        0x4 C:/ST/STM32CubeIDE_1.13.1/STM32CubeIDE/plugins/com.st.stm32cube.ide.mcu.externaltools.gnu-tools-for-stm32.11.3.rel1.win32_1.1.0.202305231506/tools/bin/../lib/gcc/arm-none-eabi/11.3.1/../../../../arm-none-eabi/lib/thumb/v7-m/nofp\libc_nano.a(libc_a-mallocr.o)
                0x00000000200007e0                __malloc_sbrk_start
 *(COMMON)
                0x00000000200007e4                . = ALIGN (0x4)
                0x00000000200007e4                _ebss = .
                0x00000000200007e4                __bss_end__ = _ebss

._user_heap_stack
                0x00000000200007e4      0x604 load address 0x0000000008007364
                0x00000000200007e8                . = ALIGN (0x8)
 *fill*         0x00000000200007e4        0x4 
                [!provide]                        PROVIDE (end = .)
                0x00000000200007e8                PROVIDE (_end = .)
                0x00000000200009e8                . = (. + _Min_Heap_Size)
 *fill*         0x00000000200007e8      0x200 
                0x0000000020000de8                . = (. + _Min_Stack_Size)
 *fill*         0x00000000200009e8      0x400 
                0x0000000020000de8                . = ALIGN (0x8)

/DISCARD/
 libc.a(*)
 libm.a(*)
 libgcc.a(*)

.ARM.attributes
                0x0000000000000000       0x29
 *(.ARM.attributes)
 .ARM.attributes
                0x0000000000000000       0x1d C:/ST/STM32CubeIDE_1.13.1/STM32CubeIDE/plugins/com.st.stm32cube.ide.mcu.externaltools.gnu-tools-for-stm32.11.3.rel1.win32_1.1.0.202305231506/tools/bin/../lib/gcc/arm-none-eabi/11.3.1/thumb/v7-m/nofp/crti.o
 .ARM.attributes
                0x000000000000001d       0x2d C:/ST/STM32CubeIDE_1.13.1/STM32CubeIDE/plugins/com.st.stm32cube.ide.mcu.externaltools.gnu-tools-for-stm32.11.3.rel1.win32_1.1.0.202305231506/tools/bin/../lib/gcc/arm-none-eabi/11.3.1/thumb/v7-m/nofp/crtbegin.o
 .ARM.attributes
                0x000000000000004a       0x2d ./Core/Lib/Src/ds18b20.o
 .ARM.attributes
                0x0000000000000077       0x2d ./Core/Lib/Src/fonts.o
 .ARM.attributes
                0x00000000000000a4       0x2d ./Core/Lib/Src/oled_controller.o
 .ARM.attributes
                0x00000000000000d1       0x2d ./Core/Lib/Src/onewire.o
 .ARM.attributes
                0x00000000000000fe       0x2d ./Core/Lib/Src/ssd1306.o
 .ARM.attributes
                0x000000000000012b       0x2d ./Core/Src/buttonController.o
 .ARM.attributes
                0x0000000000000158       0x2d ./Core/Src/fnd_controller.o
 .ARM.attributes
                0x0000000000000185       0x2d ./Core/Src/heaterController.o
 .ARM.attributes
                0x00000000000001b2       0x2d ./Core/Src/ledController.o
 .ARM.attributes
                0x00000000000001df       0x2d ./Core/Src/main.o
 .ARM.attributes
                0x000000000000020c       0x2d ./Core/Src/stm32f1xx_hal_msp.o
 .ARM.attributes
                0x0000000000000239       0x2d ./Core/Src/stm32f1xx_it.o
 .ARM.attributes
                0x0000000000000266       0x2d ./Core/Src/sysmem.o
 .ARM.attributes
                0x0000000000000293       0x2d ./Core/Src/system_stm32f1xx.o
 .ARM.attributes
                0x00000000000002c0       0x21 ./Core/Startup/startup_stm32f103cbtx.o
 .ARM.attributes
                0x00000000000002e1       0x2d ./Drivers/STM32F1xx_HAL_Driver/Src/stm32f1xx_hal.o
 .ARM.attributes
                0x000000000000030e       0x2d ./Drivers/STM32F1xx_HAL_Driver/Src/stm32f1xx_hal_adc.o
 .ARM.attributes
                0x000000000000033b       0x2d ./Drivers/STM32F1xx_HAL_Driver/Src/stm32f1xx_hal_adc_ex.o
 .ARM.attributes
                0x0000000000000368       0x2d ./Drivers/STM32F1xx_HAL_Driver/Src/stm32f1xx_hal_cortex.o
 .ARM.attributes
                0x0000000000000395       0x2d ./Drivers/STM32F1xx_HAL_Driver/Src/stm32f1xx_hal_dma.o
 .ARM.attributes
                0x00000000000003c2       0x2d ./Drivers/STM32F1xx_HAL_Driver/Src/stm32f1xx_hal_gpio.o
 .ARM.attributes
                0x00000000000003ef       0x2d ./Drivers/STM32F1xx_HAL_Driver/Src/stm32f1xx_hal_i2c.o
 .ARM.attributes
                0x000000000000041c       0x2d ./Drivers/STM32F1xx_HAL_Driver/Src/stm32f1xx_hal_rcc.o
 .ARM.attributes
                0x0000000000000449       0x2d ./Drivers/STM32F1xx_HAL_Driver/Src/stm32f1xx_hal_rcc_ex.o
 .ARM.attributes
                0x0000000000000476       0x2d ./Drivers/STM32F1xx_HAL_Driver/Src/stm32f1xx_hal_tim.o
 .ARM.attributes
                0x00000000000004a3       0x2d ./Drivers/STM32F1xx_HAL_Driver/Src/stm32f1xx_hal_tim_ex.o
 .ARM.attributes
                0x00000000000004d0       0x2d ./Drivers/STM32F1xx_HAL_Driver/Src/stm32f1xx_hal_uart.o
 .ARM.attributes
                0x00000000000004fd       0x2d C:/ST/STM32CubeIDE_1.13.1/STM32CubeIDE/plugins/com.st.stm32cube.ide.mcu.externaltools.gnu-tools-for-stm32.11.3.rel1.win32_1.1.0.202305231506/tools/bin/../lib/gcc/arm-none-eabi/11.3.1/../../../../arm-none-eabi/lib/thumb/v7-m/nofp\libc_nano.a(libc_a-findfp.o)
 .ARM.attributes
                0x000000000000052a       0x2d C:/ST/STM32CubeIDE_1.13.1/STM32CubeIDE/plugins/com.st.stm32cube.ide.mcu.externaltools.gnu-tools-for-stm32.11.3.rel1.win32_1.1.0.202305231506/tools/bin/../lib/gcc/arm-none-eabi/11.3.1/../../../../arm-none-eabi/lib/thumb/v7-m/nofp\libc_nano.a(libc_a-sprintf.o)
 .ARM.attributes
                0x0000000000000557       0x2d C:/ST/STM32CubeIDE_1.13.1/STM32CubeIDE/plugins/com.st.stm32cube.ide.mcu.externaltools.gnu-tools-for-stm32.11.3.rel1.win32_1.1.0.202305231506/tools/bin/../lib/gcc/arm-none-eabi/11.3.1/../../../../arm-none-eabi/lib/thumb/v7-m/nofp\libc_nano.a(libc_a-memset.o)
 .ARM.attributes
                0x0000000000000584       0x2d C:/ST/STM32CubeIDE_1.13.1/STM32CubeIDE/plugins/com.st.stm32cube.ide.mcu.externaltools.gnu-tools-for-stm32.11.3.rel1.win32_1.1.0.202305231506/tools/bin/../lib/gcc/arm-none-eabi/11.3.1/../../../../arm-none-eabi/lib/thumb/v7-m/nofp\libc_nano.a(libc_a-reent.o)
 .ARM.attributes
                0x00000000000005b1       0x2d C:/ST/STM32CubeIDE_1.13.1/STM32CubeIDE/plugins/com.st.stm32cube.ide.mcu.externaltools.gnu-tools-for-stm32.11.3.rel1.win32_1.1.0.202305231506/tools/bin/../lib/gcc/arm-none-eabi/11.3.1/../../../../arm-none-eabi/lib/thumb/v7-m/nofp\libc_nano.a(libc_a-impure.o)
 .ARM.attributes
                0x00000000000005de       0x2d C:/ST/STM32CubeIDE_1.13.1/STM32CubeIDE/plugins/com.st.stm32cube.ide.mcu.externaltools.gnu-tools-for-stm32.11.3.rel1.win32_1.1.0.202305231506/tools/bin/../lib/gcc/arm-none-eabi/11.3.1/../../../../arm-none-eabi/lib/thumb/v7-m/nofp\libc_nano.a(libc_a-errno.o)
 .ARM.attributes
                0x000000000000060b       0x2d C:/ST/STM32CubeIDE_1.13.1/STM32CubeIDE/plugins/com.st.stm32cube.ide.mcu.externaltools.gnu-tools-for-stm32.11.3.rel1.win32_1.1.0.202305231506/tools/bin/../lib/gcc/arm-none-eabi/11.3.1/../../../../arm-none-eabi/lib/thumb/v7-m/nofp\libc_nano.a(libc_a-init.o)
 .ARM.attributes
                0x0000000000000638       0x2d C:/ST/STM32CubeIDE_1.13.1/STM32CubeIDE/plugins/com.st.stm32cube.ide.mcu.externaltools.gnu-tools-for-stm32.11.3.rel1.win32_1.1.0.202305231506/tools/bin/../lib/gcc/arm-none-eabi/11.3.1/../../../../arm-none-eabi/lib/thumb/v7-m/nofp\libc_nano.a(libc_a-lock.o)
 .ARM.attributes
                0x0000000000000665       0x2d C:/ST/STM32CubeIDE_1.13.1/STM32CubeIDE/plugins/com.st.stm32cube.ide.mcu.externaltools.gnu-tools-for-stm32.11.3.rel1.win32_1.1.0.202305231506/tools/bin/../lib/gcc/arm-none-eabi/11.3.1/../../../../arm-none-eabi/lib/thumb/v7-m/nofp\libc_nano.a(libc_a-freer.o)
 .ARM.attributes
                0x0000000000000692       0x2d C:/ST/STM32CubeIDE_1.13.1/STM32CubeIDE/plugins/com.st.stm32cube.ide.mcu.externaltools.gnu-tools-for-stm32.11.3.rel1.win32_1.1.0.202305231506/tools/bin/../lib/gcc/arm-none-eabi/11.3.1/../../../../arm-none-eabi/lib/thumb/v7-m/nofp\libc_nano.a(libc_a-mallocr.o)
 .ARM.attributes
                0x00000000000006bf       0x2d C:/ST/STM32CubeIDE_1.13.1/STM32CubeIDE/plugins/com.st.stm32cube.ide.mcu.externaltools.gnu-tools-for-stm32.11.3.rel1.win32_1.1.0.202305231506/tools/bin/../lib/gcc/arm-none-eabi/11.3.1/../../../../arm-none-eabi/lib/thumb/v7-m/nofp\libc_nano.a(libc_a-mlock.o)
 .ARM.attributes
                0x00000000000006ec       0x2d C:/ST/STM32CubeIDE_1.13.1/STM32CubeIDE/plugins/com.st.stm32cube.ide.mcu.externaltools.gnu-tools-for-stm32.11.3.rel1.win32_1.1.0.202305231506/tools/bin/../lib/gcc/arm-none-eabi/11.3.1/../../../../arm-none-eabi/lib/thumb/v7-m/nofp\libc_nano.a(libc_a-nano-svfprintf.o)
 .ARM.attributes
                0x0000000000000719       0x2d C:/ST/STM32CubeIDE_1.13.1/STM32CubeIDE/plugins/com.st.stm32cube.ide.mcu.externaltools.gnu-tools-for-stm32.11.3.rel1.win32_1.1.0.202305231506/tools/bin/../lib/gcc/arm-none-eabi/11.3.1/../../../../arm-none-eabi/lib/thumb/v7-m/nofp\libc_nano.a(libc_a-nano-vfprintf_i.o)
 .ARM.attributes
                0x0000000000000746       0x2d C:/ST/STM32CubeIDE_1.13.1/STM32CubeIDE/plugins/com.st.stm32cube.ide.mcu.externaltools.gnu-tools-for-stm32.11.3.rel1.win32_1.1.0.202305231506/tools/bin/../lib/gcc/arm-none-eabi/11.3.1/../../../../arm-none-eabi/lib/thumb/v7-m/nofp\libc_nano.a(libc_a-memmove.o)
 .ARM.attributes
                0x0000000000000773       0x2d C:/ST/STM32CubeIDE_1.13.1/STM32CubeIDE/plugins/com.st.stm32cube.ide.mcu.externaltools.gnu-tools-for-stm32.11.3.rel1.win32_1.1.0.202305231506/tools/bin/../lib/gcc/arm-none-eabi/11.3.1/../../../../arm-none-eabi/lib/thumb/v7-m/nofp\libc_nano.a(libc_a-sbrkr.o)
 .ARM.attributes
                0x00000000000007a0       0x2d C:/ST/STM32CubeIDE_1.13.1/STM32CubeIDE/plugins/com.st.stm32cube.ide.mcu.externaltools.gnu-tools-for-stm32.11.3.rel1.win32_1.1.0.202305231506/tools/bin/../lib/gcc/arm-none-eabi/11.3.1/../../../../arm-none-eabi/lib/thumb/v7-m/nofp\libc_nano.a(libc_a-memchr-stub.o)
 .ARM.attributes
                0x00000000000007cd       0x2d C:/ST/STM32CubeIDE_1.13.1/STM32CubeIDE/plugins/com.st.stm32cube.ide.mcu.externaltools.gnu-tools-for-stm32.11.3.rel1.win32_1.1.0.202305231506/tools/bin/../lib/gcc/arm-none-eabi/11.3.1/../../../../arm-none-eabi/lib/thumb/v7-m/nofp\libc_nano.a(libc_a-memcpy-stub.o)
 .ARM.attributes
                0x00000000000007fa       0x2d C:/ST/STM32CubeIDE_1.13.1/STM32CubeIDE/plugins/com.st.stm32cube.ide.mcu.externaltools.gnu-tools-for-stm32.11.3.rel1.win32_1.1.0.202305231506/tools/bin/../lib/gcc/arm-none-eabi/11.3.1/../../../../arm-none-eabi/lib/thumb/v7-m/nofp\libc_nano.a(libc_a-reallocr.o)
 .ARM.attributes
                0x0000000000000827       0x2d C:/ST/STM32CubeIDE_1.13.1/STM32CubeIDE/plugins/com.st.stm32cube.ide.mcu.externaltools.gnu-tools-for-stm32.11.3.rel1.win32_1.1.0.202305231506/tools/bin/../lib/gcc/arm-none-eabi/11.3.1/../../../../arm-none-eabi/lib/thumb/v7-m/nofp\libc_nano.a(libc_a-msizer.o)
 .ARM.attributes
                0x0000000000000854       0x1d C:/ST/STM32CubeIDE_1.13.1/STM32CubeIDE/plugins/com.st.stm32cube.ide.mcu.externaltools.gnu-tools-for-stm32.11.3.rel1.win32_1.1.0.202305231506/tools/bin/../lib/gcc/arm-none-eabi/11.3.1/thumb/v7-m/nofp\libgcc.a(_arm_mulsf3.o)
 .ARM.attributes
                0x0000000000000871       0x1d C:/ST/STM32CubeIDE_1.13.1/STM32CubeIDE/plugins/com.st.stm32cube.ide.mcu.externaltools.gnu-tools-for-stm32.11.3.rel1.win32_1.1.0.202305231506/tools/bin/../lib/gcc/arm-none-eabi/11.3.1/thumb/v7-m/nofp\libgcc.a(_arm_addsubdf3.o)
 .ARM.attributes
                0x000000000000088e       0x1d C:/ST/STM32CubeIDE_1.13.1/STM32CubeIDE/plugins/com.st.stm32cube.ide.mcu.externaltools.gnu-tools-for-stm32.11.3.rel1.win32_1.1.0.202305231506/tools/bin/../lib/gcc/arm-none-eabi/11.3.1/thumb/v7-m/nofp\libgcc.a(_arm_fixunsdfsi.o)
 .ARM.attributes
                0x00000000000008ab       0x1d C:/ST/STM32CubeIDE_1.13.1/STM32CubeIDE/plugins/com.st.stm32cube.ide.mcu.externaltools.gnu-tools-for-stm32.11.3.rel1.win32_1.1.0.202305231506/tools/bin/../lib/gcc/arm-none-eabi/11.3.1/thumb/v7-m/nofp\libgcc.a(_arm_addsubsf3.o)
 .ARM.attributes
                0x00000000000008c8       0x1d C:/ST/STM32CubeIDE_1.13.1/STM32CubeIDE/plugins/com.st.stm32cube.ide.mcu.externaltools.gnu-tools-for-stm32.11.3.rel1.win32_1.1.0.202305231506/tools/bin/../lib/gcc/arm-none-eabi/11.3.1/thumb/v7-m/nofp\libgcc.a(_arm_fixsfsi.o)
 .ARM.attributes
                0x00000000000008e5       0x1d C:/ST/STM32CubeIDE_1.13.1/STM32CubeIDE/plugins/com.st.stm32cube.ide.mcu.externaltools.gnu-tools-for-stm32.11.3.rel1.win32_1.1.0.202305231506/tools/bin/../lib/gcc/arm-none-eabi/11.3.1/thumb/v7-m/nofp\libgcc.a(_arm_fixunssfsi.o)
 .ARM.attributes
                0x0000000000000902       0x1d C:/ST/STM32CubeIDE_1.13.1/STM32CubeIDE/plugins/com.st.stm32cube.ide.mcu.externaltools.gnu-tools-for-stm32.11.3.rel1.win32_1.1.0.202305231506/tools/bin/../lib/gcc/arm-none-eabi/11.3.1/thumb/v7-m/nofp/crtn.o
OUTPUT(reNew.elf elf32-littlearm)
LOAD linker stubs
LOAD C:/ST/STM32CubeIDE_1.13.1/STM32CubeIDE/plugins/com.st.stm32cube.ide.mcu.externaltools.gnu-tools-for-stm32.11.3.rel1.win32_1.1.0.202305231506/tools/bin/../lib/gcc/arm-none-eabi/11.3.1/../../../../arm-none-eabi/lib/thumb/v7-m/nofp\libc.a
LOAD C:/ST/STM32CubeIDE_1.13.1/STM32CubeIDE/plugins/com.st.stm32cube.ide.mcu.externaltools.gnu-tools-for-stm32.11.3.rel1.win32_1.1.0.202305231506/tools/bin/../lib/gcc/arm-none-eabi/11.3.1/../../../../arm-none-eabi/lib/thumb/v7-m/nofp\libm.a
LOAD C:/ST/STM32CubeIDE_1.13.1/STM32CubeIDE/plugins/com.st.stm32cube.ide.mcu.externaltools.gnu-tools-for-stm32.11.3.rel1.win32_1.1.0.202305231506/tools/bin/../lib/gcc/arm-none-eabi/11.3.1/thumb/v7-m/nofp\libgcc.a

.comment        0x0000000000000000       0x43
 .comment       0x0000000000000000       0x43 C:/ST/STM32CubeIDE_1.13.1/STM32CubeIDE/plugins/com.st.stm32cube.ide.mcu.externaltools.gnu-tools-for-stm32.11.3.rel1.win32_1.1.0.202305231506/tools/bin/../lib/gcc/arm-none-eabi/11.3.1/thumb/v7-m/nofp/crtbegin.o
                                         0x44 (size before relaxing)
 .comment       0x0000000000000043       0x44 ./Core/Lib/Src/ds18b20.o
 .comment       0x0000000000000043       0x44 ./Core/Lib/Src/fonts.o
 .comment       0x0000000000000043       0x44 ./Core/Lib/Src/oled_controller.o
 .comment       0x0000000000000043       0x44 ./Core/Lib/Src/onewire.o
 .comment       0x0000000000000043       0x44 ./Core/Lib/Src/ssd1306.o
 .comment       0x0000000000000043       0x44 ./Core/Src/buttonController.o
 .comment       0x0000000000000043       0x44 ./Core/Src/fnd_controller.o
 .comment       0x0000000000000043       0x44 ./Core/Src/heaterController.o
 .comment       0x0000000000000043       0x44 ./Core/Src/ledController.o
 .comment       0x0000000000000043       0x44 ./Core/Src/main.o
 .comment       0x0000000000000043       0x44 ./Core/Src/stm32f1xx_hal_msp.o
 .comment       0x0000000000000043       0x44 ./Core/Src/stm32f1xx_it.o
 .comment       0x0000000000000043       0x44 ./Core/Src/sysmem.o
 .comment       0x0000000000000043       0x44 ./Core/Src/system_stm32f1xx.o
 .comment       0x0000000000000043       0x44 ./Drivers/STM32F1xx_HAL_Driver/Src/stm32f1xx_hal.o
 .comment       0x0000000000000043       0x44 ./Drivers/STM32F1xx_HAL_Driver/Src/stm32f1xx_hal_adc.o
 .comment       0x0000000000000043       0x44 ./Drivers/STM32F1xx_HAL_Driver/Src/stm32f1xx_hal_adc_ex.o
 .comment       0x0000000000000043       0x44 ./Drivers/STM32F1xx_HAL_Driver/Src/stm32f1xx_hal_cortex.o
 .comment       0x0000000000000043       0x44 ./Drivers/STM32F1xx_HAL_Driver/Src/stm32f1xx_hal_dma.o
 .comment       0x0000000000000043       0x44 ./Drivers/STM32F1xx_HAL_Driver/Src/stm32f1xx_hal_gpio.o
 .comment       0x0000000000000043       0x44 ./Drivers/STM32F1xx_HAL_Driver/Src/stm32f1xx_hal_i2c.o
 .comment       0x0000000000000043       0x44 ./Drivers/STM32F1xx_HAL_Driver/Src/stm32f1xx_hal_rcc.o
 .comment       0x0000000000000043       0x44 ./Drivers/STM32F1xx_HAL_Driver/Src/stm32f1xx_hal_rcc_ex.o
 .comment       0x0000000000000043       0x44 ./Drivers/STM32F1xx_HAL_Driver/Src/stm32f1xx_hal_tim.o
 .comment       0x0000000000000043       0x44 ./Drivers/STM32F1xx_HAL_Driver/Src/stm32f1xx_hal_tim_ex.o
 .comment       0x0000000000000043       0x44 ./Drivers/STM32F1xx_HAL_Driver/Src/stm32f1xx_hal_uart.o

.debug_info     0x0000000000000000    0x14309
 .debug_info    0x0000000000000000      0x90c ./Core/Lib/Src/ds18b20.o
 .debug_info    0x000000000000090c      0x257 ./Core/Lib/Src/fonts.o
 .debug_info    0x0000000000000b63      0x384 ./Core/Lib/Src/oled_controller.o
 .debug_info    0x0000000000000ee7      0xdcb ./Core/Lib/Src/onewire.o
 .debug_info    0x0000000000001cb2     0x1028 ./Core/Lib/Src/ssd1306.o
 .debug_info    0x0000000000002cda      0x225 ./Core/Src/buttonController.o
 .debug_info    0x0000000000002eff      0x430 ./Core/Src/fnd_controller.o
 .debug_info    0x000000000000332f      0x280 ./Core/Src/heaterController.o
 .debug_info    0x00000000000035af      0x1d0 ./Core/Src/ledController.o
 .debug_info    0x000000000000377f     0x18b9 ./Core/Src/main.o
 .debug_info    0x0000000000005038     0x1386 ./Core/Src/stm32f1xx_hal_msp.o
 .debug_info    0x00000000000063be      0x90e ./Core/Src/stm32f1xx_it.o
 .debug_info    0x0000000000006ccc      0x168 ./Core/Src/sysmem.o
 .debug_info    0x0000000000006e34      0x222 ./Core/Src/system_stm32f1xx.o
 .debug_info    0x0000000000007056       0x23 ./Core/Startup/startup_stm32f103cbtx.o
 .debug_info    0x0000000000007079      0x704 ./Drivers/STM32F1xx_HAL_Driver/Src/stm32f1xx_hal.o
 .debug_info    0x000000000000777d      0xc50 ./Drivers/STM32F1xx_HAL_Driver/Src/stm32f1xx_hal_adc.o
 .debug_info    0x00000000000083cd      0xa10 ./Drivers/STM32F1xx_HAL_Driver/Src/stm32f1xx_hal_adc_ex.o
 .debug_info    0x0000000000008ddd      0xa87 ./Drivers/STM32F1xx_HAL_Driver/Src/stm32f1xx_hal_cortex.o
 .debug_info    0x0000000000009864      0x6d2 ./Drivers/STM32F1xx_HAL_Driver/Src/stm32f1xx_hal_dma.o
 .debug_info    0x0000000000009f36      0x5ab ./Drivers/STM32F1xx_HAL_Driver/Src/stm32f1xx_hal_gpio.o
 .debug_info    0x000000000000a4e1     0x2515 ./Drivers/STM32F1xx_HAL_Driver/Src/stm32f1xx_hal_i2c.o
 .debug_info    0x000000000000c9f6      0x7d5 ./Drivers/STM32F1xx_HAL_Driver/Src/stm32f1xx_hal_rcc.o
 .debug_info    0x000000000000d1cb      0x3c0 ./Drivers/STM32F1xx_HAL_Driver/Src/stm32f1xx_hal_rcc_ex.o
 .debug_info    0x000000000000d58b     0x293b ./Drivers/STM32F1xx_HAL_Driver/Src/stm32f1xx_hal_tim.o
 .debug_info    0x000000000000fec6     0x149b ./Drivers/STM32F1xx_HAL_Driver/Src/stm32f1xx_hal_tim_ex.o
 .debug_info    0x0000000000011361     0x2fa8 ./Drivers/STM32F1xx_HAL_Driver/Src/stm32f1xx_hal_uart.o

.debug_abbrev   0x0000000000000000     0x37f5
 .debug_abbrev  0x0000000000000000      0x348 ./Core/Lib/Src/ds18b20.o
 .debug_abbrev  0x0000000000000348      0x12d ./Core/Lib/Src/fonts.o
 .debug_abbrev  0x0000000000000475      0x1db ./Core/Lib/Src/oled_controller.o
 .debug_abbrev  0x0000000000000650      0x313 ./Core/Lib/Src/onewire.o
 .debug_abbrev  0x0000000000000963      0x30d ./Core/Lib/Src/ssd1306.o
 .debug_abbrev  0x0000000000000c70      0x13c ./Core/Src/buttonController.o
 .debug_abbrev  0x0000000000000dac      0x170 ./Core/Src/fnd_controller.o
 .debug_abbrev  0x0000000000000f1c      0x16b ./Core/Src/heaterController.o
 .debug_abbrev  0x0000000000001087      0x110 ./Core/Src/ledController.o
 .debug_abbrev  0x0000000000001197      0x346 ./Core/Src/main.o
 .debug_abbrev  0x00000000000014dd      0x25d ./Core/Src/stm32f1xx_hal_msp.o
 .debug_abbrev  0x000000000000173a      0x2a3 ./Core/Src/stm32f1xx_it.o
 .debug_abbrev  0x00000000000019dd       0xbc ./Core/Src/sysmem.o
 .debug_abbrev  0x0000000000001a99      0x13f ./Core/Src/system_stm32f1xx.o
 .debug_abbrev  0x0000000000001bd8       0x12 ./Core/Startup/startup_stm32f103cbtx.o
 .debug_abbrev  0x0000000000001bea      0x201 ./Drivers/STM32F1xx_HAL_Driver/Src/stm32f1xx_hal.o
 .debug_abbrev  0x0000000000001deb      0x225 ./Drivers/STM32F1xx_HAL_Driver/Src/stm32f1xx_hal_adc.o
 .debug_abbrev  0x0000000000002010      0x249 ./Drivers/STM32F1xx_HAL_Driver/Src/stm32f1xx_hal_adc_ex.o
 .debug_abbrev  0x0000000000002259      0x2f8 ./Drivers/STM32F1xx_HAL_Driver/Src/stm32f1xx_hal_cortex.o
 .debug_abbrev  0x0000000000002551      0x20b ./Drivers/STM32F1xx_HAL_Driver/Src/stm32f1xx_hal_dma.o
 .debug_abbrev  0x000000000000275c      0x1ca ./Drivers/STM32F1xx_HAL_Driver/Src/stm32f1xx_hal_gpio.o
 .debug_abbrev  0x0000000000002926      0x2a3 ./Drivers/STM32F1xx_HAL_Driver/Src/stm32f1xx_hal_i2c.o
 .debug_abbrev  0x0000000000002bc9      0x2b3 ./Drivers/STM32F1xx_HAL_Driver/Src/stm32f1xx_hal_rcc.o
 .debug_abbrev  0x0000000000002e7c      0x188 ./Drivers/STM32F1xx_HAL_Driver/Src/stm32f1xx_hal_rcc_ex.o
 .debug_abbrev  0x0000000000003004      0x277 ./Drivers/STM32F1xx_HAL_Driver/Src/stm32f1xx_hal_tim.o
 .debug_abbrev  0x000000000000327b      0x282 ./Drivers/STM32F1xx_HAL_Driver/Src/stm32f1xx_hal_tim_ex.o
 .debug_abbrev  0x00000000000034fd      0x2f8 ./Drivers/STM32F1xx_HAL_Driver/Src/stm32f1xx_hal_uart.o

.debug_aranges  0x0000000000000000     0x14c8
 .debug_aranges
                0x0000000000000000       0xc0 ./Core/Lib/Src/ds18b20.o
 .debug_aranges
                0x00000000000000c0       0x20 ./Core/Lib/Src/fonts.o
 .debug_aranges
                0x00000000000000e0       0x58 ./Core/Lib/Src/oled_controller.o
 .debug_aranges
                0x0000000000000138       0xd8 ./Core/Lib/Src/onewire.o
 .debug_aranges
                0x0000000000000210       0xf8 ./Core/Lib/Src/ssd1306.o
 .debug_aranges
                0x0000000000000308       0x28 ./Core/Src/buttonController.o
 .debug_aranges
                0x0000000000000330       0x70 ./Core/Src/fnd_controller.o
 .debug_aranges
                0x00000000000003a0       0x50 ./Core/Src/heaterController.o
 .debug_aranges
                0x00000000000003f0       0x28 ./Core/Src/ledController.o
 .debug_aranges
                0x0000000000000418       0x70 ./Core/Src/main.o
 .debug_aranges
                0x0000000000000488       0x60 ./Core/Src/stm32f1xx_hal_msp.o
 .debug_aranges
                0x00000000000004e8       0xa0 ./Core/Src/stm32f1xx_it.o
 .debug_aranges
                0x0000000000000588       0x20 ./Core/Src/sysmem.o
 .debug_aranges
                0x00000000000005a8       0x28 ./Core/Src/system_stm32f1xx.o
 .debug_aranges
                0x00000000000005d0       0x28 ./Core/Startup/startup_stm32f103cbtx.o
 .debug_aranges
                0x00000000000005f8       0xe0 ./Drivers/STM32F1xx_HAL_Driver/Src/stm32f1xx_hal.o
 .debug_aranges
                0x00000000000006d8       0xf0 ./Drivers/STM32F1xx_HAL_Driver/Src/stm32f1xx_hal_adc.o
 .debug_aranges
                0x00000000000007c8       0x80 ./Drivers/STM32F1xx_HAL_Driver/Src/stm32f1xx_hal_adc_ex.o
 .debug_aranges
                0x0000000000000848      0x100 ./Drivers/STM32F1xx_HAL_Driver/Src/stm32f1xx_hal_cortex.o
 .debug_aranges
                0x0000000000000948       0x80 ./Drivers/STM32F1xx_HAL_Driver/Src/stm32f1xx_hal_dma.o
 .debug_aranges
                0x00000000000009c8       0x58 ./Drivers/STM32F1xx_HAL_Driver/Src/stm32f1xx_hal_gpio.o
 .debug_aranges
                0x0000000000000a20      0x2a8 ./Drivers/STM32F1xx_HAL_Driver/Src/stm32f1xx_hal_i2c.o
 .debug_aranges
                0x0000000000000cc8       0x90 ./Drivers/STM32F1xx_HAL_Driver/Src/stm32f1xx_hal_rcc.o
 .debug_aranges
                0x0000000000000d58       0x30 ./Drivers/STM32F1xx_HAL_Driver/Src/stm32f1xx_hal_rcc_ex.o
 .debug_aranges
                0x0000000000000d88      0x3d0 ./Drivers/STM32F1xx_HAL_Driver/Src/stm32f1xx_hal_tim.o
 .debug_aranges
                0x0000000000001158      0x168 ./Drivers/STM32F1xx_HAL_Driver/Src/stm32f1xx_hal_tim_ex.o
 .debug_aranges
                0x00000000000012c0      0x208 ./Drivers/STM32F1xx_HAL_Driver/Src/stm32f1xx_hal_uart.o

.debug_rnglists
                0x0000000000000000     0x103d
 .debug_rnglists
                0x0000000000000000       0x93 ./Core/Lib/Src/ds18b20.o
 .debug_rnglists
                0x0000000000000093       0x13 ./Core/Lib/Src/fonts.o
 .debug_rnglists
                0x00000000000000a6       0x3d ./Core/Lib/Src/oled_controller.o
 .debug_rnglists
                0x00000000000000e3       0xa0 ./Core/Lib/Src/onewire.o
 .debug_rnglists
                0x0000000000000183       0xc2 ./Core/Lib/Src/ssd1306.o
 .debug_rnglists
                0x0000000000000245       0x19 ./Core/Src/buttonController.o
 .debug_rnglists
                0x000000000000025e       0x53 ./Core/Src/fnd_controller.o
 .debug_rnglists
                0x00000000000002b1       0x37 ./Core/Src/heaterController.o
 .debug_rnglists
                0x00000000000002e8       0x19 ./Core/Src/ledController.o
 .debug_rnglists
                0x0000000000000301       0x55 ./Core/Src/main.o
 .debug_rnglists
                0x0000000000000356       0x47 ./Core/Src/stm32f1xx_hal_msp.o
 .debug_rnglists
                0x000000000000039d       0x74 ./Core/Src/stm32f1xx_it.o
 .debug_rnglists
                0x0000000000000411       0x13 ./Core/Src/sysmem.o
 .debug_rnglists
                0x0000000000000424       0x1a ./Core/Src/system_stm32f1xx.o
 .debug_rnglists
                0x000000000000043e       0x19 ./Core/Startup/startup_stm32f103cbtx.o
 .debug_rnglists
                0x0000000000000457       0xa3 ./Drivers/STM32F1xx_HAL_Driver/Src/stm32f1xx_hal.o
 .debug_rnglists
                0x00000000000004fa       0xbc ./Drivers/STM32F1xx_HAL_Driver/Src/stm32f1xx_hal_adc.o
 .debug_rnglists
                0x00000000000005b6       0x65 ./Drivers/STM32F1xx_HAL_Driver/Src/stm32f1xx_hal_adc_ex.o
 .debug_rnglists
                0x000000000000061b       0xbb ./Drivers/STM32F1xx_HAL_Driver/Src/stm32f1xx_hal_cortex.o
 .debug_rnglists
                0x00000000000006d6       0x64 ./Drivers/STM32F1xx_HAL_Driver/Src/stm32f1xx_hal_dma.o
 .debug_rnglists
                0x000000000000073a       0x3f ./Drivers/STM32F1xx_HAL_Driver/Src/stm32f1xx_hal_gpio.o
 .debug_rnglists
                0x0000000000000779      0x23c ./Drivers/STM32F1xx_HAL_Driver/Src/stm32f1xx_hal_i2c.o
 .debug_rnglists
                0x00000000000009b5       0x6c ./Drivers/STM32F1xx_HAL_Driver/Src/stm32f1xx_hal_rcc.o
 .debug_rnglists
                0x0000000000000a21       0x21 ./Drivers/STM32F1xx_HAL_Driver/Src/stm32f1xx_hal_rcc_ex.o
 .debug_rnglists
                0x0000000000000a42      0x31a ./Drivers/STM32F1xx_HAL_Driver/Src/stm32f1xx_hal_tim.o
 .debug_rnglists
                0x0000000000000d5c      0x125 ./Drivers/STM32F1xx_HAL_Driver/Src/stm32f1xx_hal_tim_ex.o
 .debug_rnglists
                0x0000000000000e81      0x1bc ./Drivers/STM32F1xx_HAL_Driver/Src/stm32f1xx_hal_uart.o

.debug_macro    0x0000000000000000    0x1a666
 .debug_macro   0x0000000000000000      0x204 ./Core/Lib/Src/ds18b20.o
 .debug_macro   0x0000000000000204      0xa9c ./Core/Lib/Src/ds18b20.o
 .debug_macro   0x0000000000000ca0      0x22d ./Core/Lib/Src/ds18b20.o
 .debug_macro   0x0000000000000ecd       0x2e ./Core/Lib/Src/ds18b20.o
 .debug_macro   0x0000000000000efb       0x22 ./Core/Lib/Src/ds18b20.o
 .debug_macro   0x0000000000000f1d       0x22 ./Core/Lib/Src/ds18b20.o
 .debug_macro   0x0000000000000f3f       0x8e ./Core/Lib/Src/ds18b20.o
 .debug_macro   0x0000000000000fcd       0x51 ./Core/Lib/Src/ds18b20.o
 .debug_macro   0x000000000000101e      0x103 ./Core/Lib/Src/ds18b20.o
 .debug_macro   0x0000000000001121       0x6a ./Core/Lib/Src/ds18b20.o
 .debug_macro   0x000000000000118b      0x1df ./Core/Lib/Src/ds18b20.o
 .debug_macro   0x000000000000136a       0x1c ./Core/Lib/Src/ds18b20.o
 .debug_macro   0x0000000000001386       0x22 ./Core/Lib/Src/ds18b20.o
 .debug_macro   0x00000000000013a8       0xbd ./Core/Lib/Src/ds18b20.o
 .debug_macro   0x0000000000001465      0xd23 ./Core/Lib/Src/ds18b20.o
 .debug_macro   0x0000000000002188     0xe09e ./Core/Lib/Src/ds18b20.o
 .debug_macro   0x0000000000010226       0x6d ./Core/Lib/Src/ds18b20.o
 .debug_macro   0x0000000000010293     0x348d ./Core/Lib/Src/ds18b20.o
 .debug_macro   0x0000000000013720      0x174 ./Core/Lib/Src/ds18b20.o
 .debug_macro   0x0000000000013894       0x5c ./Core/Lib/Src/ds18b20.o
 .debug_macro   0x00000000000138f0      0x5bc ./Core/Lib/Src/ds18b20.o
 .debug_macro   0x0000000000013eac      0x289 ./Core/Lib/Src/ds18b20.o
 .debug_macro   0x0000000000014135      0x1cb ./Core/Lib/Src/ds18b20.o
 .debug_macro   0x0000000000014300      0x114 ./Core/Lib/Src/ds18b20.o
 .debug_macro   0x0000000000014414      0x1b2 ./Core/Lib/Src/ds18b20.o
 .debug_macro   0x00000000000145c6       0x27 ./Core/Lib/Src/ds18b20.o
 .debug_macro   0x00000000000145ed      0x136 ./Core/Lib/Src/ds18b20.o
 .debug_macro   0x0000000000014723      0x1bc ./Core/Lib/Src/ds18b20.o
 .debug_macro   0x00000000000148df       0x34 ./Core/Lib/Src/ds18b20.o
 .debug_macro   0x0000000000014913       0x3c ./Core/Lib/Src/ds18b20.o
 .debug_macro   0x000000000001494f       0x57 ./Core/Lib/Src/ds18b20.o
 .debug_macro   0x00000000000149a6      0x46a ./Core/Lib/Src/ds18b20.o
 .debug_macro   0x0000000000014e10      0x1b5 ./Core/Lib/Src/ds18b20.o
 .debug_macro   0x0000000000014fc5       0x87 ./Core/Lib/Src/ds18b20.o
 .debug_macro   0x000000000001504c      0x240 ./Core/Lib/Src/ds18b20.o
 .debug_macro   0x000000000001528c      0x287 ./Core/Lib/Src/ds18b20.o
 .debug_macro   0x0000000000015513      0x140 ./Core/Lib/Src/ds18b20.o
 .debug_macro   0x0000000000015653      0x8ed ./Core/Lib/Src/ds18b20.o
 .debug_macro   0x0000000000015f40      0x28e ./Core/Lib/Src/ds18b20.o
 .debug_macro   0x00000000000161ce       0x83 ./Core/Lib/Src/ds18b20.o
 .debug_macro   0x0000000000016251       0x8e ./Core/Lib/Src/ds18b20.o
 .debug_macro   0x00000000000162df       0x40 ./Core/Lib/Src/ds18b20.o
 .debug_macro   0x000000000001631f       0x2e ./Core/Lib/Src/ds18b20.o
 .debug_macro   0x000000000001634d       0x22 ./Core/Lib/Src/ds18b20.o
 .debug_macro   0x000000000001636f       0x46 ./Core/Lib/Src/ds18b20.o
 .debug_macro   0x00000000000163b5      0x299 ./Core/Lib/Src/fonts.o
 .debug_macro   0x000000000001664e       0x61 ./Core/Lib/Src/fonts.o
 .debug_macro   0x00000000000166af       0x24 ./Core/Lib/Src/fonts.o
 .debug_macro   0x00000000000166d3       0x43 ./Core/Lib/Src/fonts.o
 .debug_macro   0x0000000000016716       0x34 ./Core/Lib/Src/fonts.o
 .debug_macro   0x000000000001674a       0x16 ./Core/Lib/Src/fonts.o
 .debug_macro   0x0000000000016760       0x43 ./Core/Lib/Src/fonts.o
 .debug_macro   0x00000000000167a3       0x34 ./Core/Lib/Src/fonts.o
 .debug_macro   0x00000000000167d7       0x10 ./Core/Lib/Src/fonts.o
 .debug_macro   0x00000000000167e7       0x58 ./Core/Lib/Src/fonts.o
 .debug_macro   0x000000000001683f       0x8e ./Core/Lib/Src/fonts.o
 .debug_macro   0x00000000000168cd       0x1c ./Core/Lib/Src/fonts.o
 .debug_macro   0x00000000000168e9      0x177 ./Core/Lib/Src/fonts.o
 .debug_macro   0x0000000000016a60      0x369 ./Core/Lib/Src/fonts.o
 .debug_macro   0x0000000000016dc9       0x10 ./Core/Lib/Src/fonts.o
 .debug_macro   0x0000000000016dd9       0x35 ./Core/Lib/Src/fonts.o
 .debug_macro   0x0000000000016e0e       0x20 ./Core/Lib/Src/fonts.o
 .debug_macro   0x0000000000016e2e      0x311 ./Core/Lib/Src/oled_controller.o
 .debug_macro   0x000000000001713f       0x16 ./Core/Lib/Src/oled_controller.o
 .debug_macro   0x0000000000017155       0x16 ./Core/Lib/Src/oled_controller.o
 .debug_macro   0x000000000001716b       0x29 ./Core/Lib/Src/oled_controller.o
 .debug_macro   0x0000000000017194       0x23 ./Core/Lib/Src/oled_controller.o
 .debug_macro   0x00000000000171b7       0x94 ./Core/Lib/Src/oled_controller.o
 .debug_macro   0x000000000001724b      0x1e8 ./Core/Lib/Src/onewire.o
 .debug_macro   0x0000000000017433      0x324 ./Core/Lib/Src/ssd1306.o
 .debug_macro   0x0000000000017757      0x31d ./Core/Src/buttonController.o
 .debug_macro   0x0000000000017a74      0x1f7 ./Core/Src/fnd_controller.o
 .debug_macro   0x0000000000017c6b       0x1c ./Core/Src/fnd_controller.o
 .debug_macro   0x0000000000017c87      0x309 ./Core/Src/heaterController.o
 .debug_macro   0x0000000000017f90      0x1ee ./Core/Src/ledController.o
 .debug_macro   0x000000000001817e      0x3b4 ./Core/Src/main.o
 .debug_macro   0x0000000000018532       0x16 ./Core/Src/main.o
 .debug_macro   0x0000000000018548       0x10 ./Core/Src/main.o
 .debug_macro   0x0000000000018558       0x16 ./Core/Src/main.o
 .debug_macro   0x000000000001856e       0x16 ./Core/Src/main.o
 .debug_macro   0x0000000000018584      0x147 ./Core/Src/main.o
 .debug_macro   0x00000000000186cb       0x46 ./Core/Src/main.o
 .debug_macro   0x0000000000018711       0x16 ./Core/Src/main.o
 .debug_macro   0x0000000000018727      0x1d0 ./Core/Src/stm32f1xx_hal_msp.o
 .debug_macro   0x00000000000188f7      0x247 ./Core/Src/stm32f1xx_it.o
 .debug_macro   0x0000000000018b3e       0xff ./Core/Src/sysmem.o
 .debug_macro   0x0000000000018c3d      0x23c ./Core/Src/sysmem.o
 .debug_macro   0x0000000000018e79      0x1c1 ./Core/Src/system_stm32f1xx.o
 .debug_macro   0x000000000001903a      0x1e5 ./Drivers/STM32F1xx_HAL_Driver/Src/stm32f1xx_hal.o
 .debug_macro   0x000000000001921f      0x1de ./Drivers/STM32F1xx_HAL_Driver/Src/stm32f1xx_hal_adc.o
 .debug_macro   0x00000000000193fd      0x1d3 ./Drivers/STM32F1xx_HAL_Driver/Src/stm32f1xx_hal_adc_ex.o
 .debug_macro   0x00000000000195d0      0x1c1 ./Drivers/STM32F1xx_HAL_Driver/Src/stm32f1xx_hal_cortex.o
 .debug_macro   0x0000000000019791      0x1c1 ./Drivers/STM32F1xx_HAL_Driver/Src/stm32f1xx_hal_dma.o
 .debug_macro   0x0000000000019952      0x22c ./Drivers/STM32F1xx_HAL_Driver/Src/stm32f1xx_hal_gpio.o
 .debug_macro   0x0000000000019b7e      0x20f ./Drivers/STM32F1xx_HAL_Driver/Src/stm32f1xx_hal_i2c.o
 .debug_macro   0x0000000000019d8d      0x1d3 ./Drivers/STM32F1xx_HAL_Driver/Src/stm32f1xx_hal_rcc.o
 .debug_macro   0x0000000000019f60      0x1c1 ./Drivers/STM32F1xx_HAL_Driver/Src/stm32f1xx_hal_rcc_ex.o
 .debug_macro   0x000000000001a121      0x1c2 ./Drivers/STM32F1xx_HAL_Driver/Src/stm32f1xx_hal_tim.o
 .debug_macro   0x000000000001a2e3      0x1c1 ./Drivers/STM32F1xx_HAL_Driver/Src/stm32f1xx_hal_tim_ex.o
 .debug_macro   0x000000000001a4a4      0x1c2 ./Drivers/STM32F1xx_HAL_Driver/Src/stm32f1xx_hal_uart.o

.debug_line     0x0000000000000000    0x1a5fb
 .debug_line    0x0000000000000000      0xca0 ./Core/Lib/Src/ds18b20.o